Component: ARM Compiler 5.06 update 3 (build 300) Tool: armlink [4d35c9]

==============================================================================

Section Cross References

    main.o(.text) refers to system.o(.text) for System_Init
    main.o(.text) refers to timer_send_task.o(.text) for Timer_Send_Create
    main.o(.text) refers to info_update.o(.text) for App_Info_Create
    main.o(.text) refers to task_start.o(.text) for App_Task_Create
    main.o(.text) refers to tasks.o(.text) for vTaskStartScheduler
    system.o(.text) refers to task_chassis.o(.text) for CHASSIS_InitArgument
    system.o(.text) refers to task_gimbal.o(.text) for GIMBAL_InitArgument
    system.o(.text) refers to delay.o(.text) for Delay_init
    system.o(.text) refers to can1.o(.text) for CAN1_Init
    system.o(.text) refers to usart2.o(.text) for USART2_Init
    system.o(.text) refers to usart5.o(.text) for UART5_Init
    system.o(.text) refers to pwm.o(.text) for TIM4_Init
    system.o(.text) refers to laser.o(.text) for LASER_Init
    system.o(.text) refers to can2.o(.text) for CAN2_Init
    system.o(.text) refers to usart4.o(.text) for UART4_Init
    system.o(.text) refers to led.o(.text) for Led_Init
    system.o(.text) refers to adda.o(.text) for SuperCap_ADC_Init
    system.o(.text) refers to iwdg.o(.text) for IWDG_Init
    system.o(.text) refers to mpu6050.o(.text) for MPU_Init
    system.o(.text) refers to tasks.o(.text) for xTaskGetTickCount
    system.o(.text) refers to inv_mpu.o(.text) for mpu_dmp_init
    system.o(.text) refers to remote.o(.text) for REMOTE_vResetData
    system.o(.text) refers to system.o(.data) for ulCurrentTime
    remote.o(.text) refers to tasks.o(.text) for xTaskGetTickCount
    remote.o(.text) refers to control.o(.text) for SYSTEM_GetRemoteMode
    remote.o(.text) refers to stm32f4xx_gpio.o(.text) for GPIO_ResetBits
    remote.o(.text) refers to iwdg.o(.text) for IWDG_Feed
    remote.o(.text) refers to remote.o(.data) for ulRemoteLostTime
    remote.o(.text) refers to remote.o(.bss) for RC_Ctl
    control.o(.text) refers to remote.o(.text) for REMOTE_vResetData
    control.o(.text) refers to stm32f4xx_gpio.o(.text) for GPIO_ResetBits
    control.o(.text) refers to task_chassis.o(.text) for CHASSIS_StopMotor
    control.o(.text) refers to task_gimbal.o(.text) for GIMBAL_StopMotor
    control.o(.text) refers to magazine.o(.text) for Magazine_StopCtrl
    control.o(.text) refers to task_revolver.o(.text) for REVOLVER_StopMotor
    control.o(.text) refers to friction.o(.text) for FRICTION_StopMotor
    control.o(.text) refers to super_cap.o(.text) for Super_Cap_StopCtrl
    control.o(.text) refers to control.o(.data) for systemState
    control.o(.text) refers to remote.o(.bss) for RC_Ctl
    kalman_filter.o(.text) refers to arm_mat_init_f32.o(.text) for arm_mat_init_f32
    kalman_filter.o(.text) refers to arm_mat_trans_f32.o(.text) for arm_mat_trans_f32
    kalman_filter.o(.text) refers to arm_mat_mult_f32.o(.text) for arm_mat_mult_f32
    kalman_filter.o(.text) refers to arm_mat_add_f32.o(.text) for arm_mat_add_f32
    kalman_filter.o(.text) refers to arm_mat_inverse_f32.o(.text) for arm_mat_inverse_f32
    kalman_filter.o(.text) refers to arm_mat_sub_f32.o(.text) for arm_mat_sub_f32
    kalman_filter.o(.text) refers to kalman_filter.o(.data) for matrix_value1
    crc.o(.text) refers to crc.o(.constdata) for CRC8_TAB
    crc.o(.text) refers to crc.o(.data) for CRC_INIT
    magazine.o(.text) refers to tasks.o(.text) for xTaskGetTickCount
    magazine.o(.text) refers to task_gimbal.o(.text) for GIMBAL_IfBuffHit
    magazine.o(.text) refers to judge.o(.text) for JUDGE_usGetShootNum
    magazine.o(.text) refers to task_revolver.o(.text) for Revol_Angle_Clear
    magazine.o(.text) refers to control.o(.text) for SYSTEM_GetSystemState
    magazine.o(.text) refers to system.o(.text) for constrain_int16_t
    magazine.o(.text) refers to magazine.o(.data) for maga_remot_change
    magazine.o(.text) refers to remote.o(.bss) for RC_Ctl
    friction.o(.text) refers to pwm.o(.text) for TIM4_FrictionPwmOutp
    friction.o(.text) refers to task_gimbal.o(.text) for GIMBAL_IfBuffHit
    friction.o(.text) refers to system.o(.text) for constrain_float
    friction.o(.text) refers to control.o(.text) for SYSTEM_GetSystemState
    friction.o(.text) refers to stm32f4xx_gpio.o(.text) for GPIO_ResetBits
    friction.o(.text) refers to magazine.o(.text) for Magazine_IfOpen
    friction.o(.text) refers to friction.o(.data) for Friction_Speed_Target
    friction.o(.text) refers to vision.o(.bss) for VisionRecvData
    friction.o(.text) refers to remote.o(.bss) for RC_Ctl
    friction.o(.text) refers to tasks.o(.text) for xTaskGetTickCount
    friction.o(.text) refers to judge.o(.text) for JUDGE_usGetSpeedHeat17
    super_cap.o(.text) refers to task_chassis.o(.text) for Chassis_All_Speed_Target
    super_cap.o(.text) refers to tasks.o(.text) for xTaskGetTickCount
[...]
    CAN_GetLastErrorCode                     0x0801021f   Thumb Code    12  stm32f4xx_can.o(.text)
    CAN_GetReceiveErrorCounter               0x0801022b   Thumb Code    10  stm32f4xx_can.o(.text)
    CAN_GetLSBTransmitErrorCounter           0x08010235   Thumb Code    12  stm32f4xx_can.o(.text)
    CAN_ITConfig                             0x08010241   Thumb Code    18  stm32f4xx_can.o(.text)
    CAN_GetFlagStatus                        0x08010253   Thumb Code   120  stm32f4xx_can.o(.text)
    CAN_ClearFlag                            0x080102cb   Thumb Code    52  stm32f4xx_can.o(.text)
    CAN_GetITStatus                          0x08010311   Thumb Code   310  stm32f4xx_can.o(.text)
    CAN_ClearITPendingBit                    0x08010447   Thumb Code   162  stm32f4xx_can.o(.text)
    DMA_DeInit                               0x080104ed   Thumb Code   324  stm32f4xx_dma.o(.text)
    DMA_Init                                 0x08010631   Thumb Code    82  stm32f4xx_dma.o(.text)
    DMA_StructInit                           0x08010683   Thumb Code    34  stm32f4xx_dma.o(.text)
    DMA_Cmd                                  0x080106a5   Thumb Code    22  stm32f4xx_dma.o(.text)
    DMA_PeriphIncOffsetSizeConfig            0x080106bb   Thumb Code    22  stm32f4xx_dma.o(.text)
    DMA_FlowControllerConfig                 0x080106d1   Thumb Code    22  stm32f4xx_dma.o(.text)
    DMA_SetCurrDataCounter                   0x080106e7   Thumb Code     4  stm32f4xx_dma.o(.text)
    DMA_GetCurrDataCounter                   0x080106eb   Thumb Code     8  stm32f4xx_dma.o(.text)
    DMA_DoubleBufferModeConfig               0x080106f3   Thumb Code    24  stm32f4xx_dma.o(.text)
    DMA_DoubleBufferModeCmd                  0x0801070b   Thumb Code    22  stm32f4xx_dma.o(.text)
    DMA_MemoryTargetConfig                   0x08010721   Thumb Code    10  stm32f4xx_dma.o(.text)
    DMA_GetCurrentMemoryTarget               0x0801072b   Thumb Code    20  stm32f4xx_dma.o(.text)
    DMA_GetCmdStatus                         0x0801073f   Thumb Code    20  stm32f4xx_dma.o(.text)
    DMA_GetFIFOStatus                        0x08010753   Thumb Code    12  stm32f4xx_dma.o(.text)
    DMA_GetFlagStatus                        0x0801075f   Thumb Code    56  stm32f4xx_dma.o(.text)
    DMA_ClearFlag                            0x08010797   Thumb Code    40  stm32f4xx_dma.o(.text)
    DMA_ITConfig                             0x080107bf   Thumb Code    58  stm32f4xx_dma.o(.text)
    DMA_GetITStatus                          0x080107f9   Thumb Code    84  stm32f4xx_dma.o(.text)
    DMA_ClearITPendingBit                    0x0801084d   Thumb Code    40  stm32f4xx_dma.o(.text)
    ADC_DeInit                               0x08010895   Thumb Code    22  stm32f4xx_adc.o(.text)
    ADC_Init                                 0x080108ab   Thumb Code    74  stm32f4xx_adc.o(.text)
    ADC_StructInit                           0x080108f5   Thumb Code    20  stm32f4xx_adc.o(.text)
    ADC_CommonInit                           0x08010909   Thumb Code    34  stm32f4xx_adc.o(.text)
    ADC_CommonStructInit                     0x0801092b   Thumb Code    12  stm32f4xx_adc.o(.text)
    ADC_Cmd                                  0x08010937   Thumb Code    22  stm32f4xx_adc.o(.text)
    ADC_AnalogWatchdogCmd                    0x0801094d   Thumb Code    16  stm32f4xx_adc.o(.text)
    ADC_AnalogWatchdogThresholdsConfig       0x0801095d   Thumb Code     6  stm32f4xx_adc.o(.text)
    ADC_AnalogWatchdogSingleChannelConfig    0x08010963   Thumb Code    16  stm32f4xx_adc.o(.text)
    ADC_TempSensorVrefintCmd                 0x08010973   Thumb Code    34  stm32f4xx_adc.o(.text)
    ADC_VBATCmd                              0x08010995   Thumb Code    34  stm32f4xx_adc.o(.text)
    ADC_RegularChannelConfig                 0x080109b7   Thumb Code   184  stm32f4xx_adc.o(.text)
    ADC_SoftwareStartConv                    0x08010a6f   Thumb Code    10  stm32f4xx_adc.o(.text)
    ADC_GetSoftwareStartConvStatus           0x08010a79   Thumb Code    20  stm32f4xx_adc.o(.text)
    ADC_EOCOnEachRegularChannelCmd           0x08010a8d   Thumb Code    22  stm32f4xx_adc.o(.text)
    ADC_ContinuousModeCmd                    0x08010aa3   Thumb Code    22  stm32f4xx_adc.o(.text)
    ADC_DiscModeChannelCountConfig           0x08010ab9   Thumb Code    24  stm32f4xx_adc.o(.text)
    ADC_DiscModeCmd                          0x08010ad1   Thumb Code    22  stm32f4xx_adc.o(.text)
    ADC_GetConversionValue                   0x08010ae7   Thumb Code     8  stm32f4xx_adc.o(.text)
    ADC_GetMultiModeConversionValue          0x08010aef   Thumb Code     8  stm32f4xx_adc.o(.text)
    ADC_DMACmd                               0x08010af7   Thumb Code    22  stm32f4xx_adc.o(.text)
    ADC_DMARequestAfterLastTransferCmd       0x08010b0d   Thumb Code    22  stm32f4xx_adc.o(.text)
    ADC_MultiModeDMARequestAfterLastTransferCmd 0x08010b23   Thumb Code    34  stm32f4xx_adc.o(.text)
    ADC_InjectedChannelConfig                0x08010b45   Thumb Code   130  stm32f4xx_adc.o(.text)
    ADC_InjectedSequencerLengthConfig        0x08010bc7   Thumb Code    24  stm32f4xx_adc.o(.text)
    ADC_SetInjectedOffset                    0x08010bdf   Thumb Code    20  stm32f4xx_adc.o(.text)
    ADC_ExternalTrigInjectedConvConfig       0x08010bf3   Thumb Code    16  stm32f4xx_adc.o(.text)
    ADC_ExternalTrigInjectedConvEdgeConfig   0x08010c03   Thumb Code    16  stm32f4xx_adc.o(.text)
    ADC_SoftwareStartInjectedConv            0x08010c13   Thumb Code    10  stm32f4xx_adc.o(.text)
    ADC_GetSoftwareStartInjectedConvCmdStatus 0x08010c1d   Thumb Code    20  stm32f4xx_adc.o(.text)
    ADC_AutoInjectedConvCmd                  0x08010c31   Thumb Code    22  stm32f4xx_adc.o(.text)
    ADC_InjectedDiscModeCmd                  0x08010c47   Thumb Code    22  stm32f4xx_adc.o(.text)
    ADC_GetInjectedConversionValue           0x08010c5d   Thumb Code    28  stm32f4xx_adc.o(.text)
    ADC_ITConfig                             0x08010c79   Thumb Code    56  stm32f4xx_adc.o(.text)
    ADC_GetFlagStatus                        0x08010cb1   Thumb Code    18  stm32f4xx_adc.o(.text)
    ADC_ClearFlag                            0x08010cc3   Thumb Code     6  stm32f4xx_adc.o(.text)
    ADC_GetITStatus                          0x08010cc9   Thumb Code    38  stm32f4xx_adc.o(.text)
    ADC_ClearITPendingBit                    0x08010cef   Thumb Code    10  stm32f4xx_adc.o(.text)
    DAC_DeInit                               0x08010cf9   Thumb Code    22  stm32f4xx_dac.o(.text)
    DAC_Init                                 0x08010d0f   Thumb Code    46  stm32f4xx_dac.o(.text)
    DAC_StructInit                           0x08010d3d   Thumb Code    12  stm32f4xx_dac.o(.text)
    DAC_Cmd                                  0x08010d49   Thumb Code    34  stm32f4xx_dac.o(.text)
    DAC_SoftwareTriggerCmd                   0x08010d6b   Thumb Code    48  stm32f4xx_dac.o(.text)
    DAC_DualSoftwareTriggerCmd               0x08010d9b   Thumb Code    38  stm32f4xx_dac.o(.text)
    DAC_WaveGenerationCmd                    0x08010dc1   Thumb Code    36  stm32f4xx_dac.o(.text)
    DAC_SetChannel1Data                      0x08010de5   Thumb Code    26  stm32f4xx_dac.o(.text)
    DAC_SetChannel2Data                      0x08010dff   Thumb Code    26  stm32f4xx_dac.o(.text)
    DAC_SetDualChannelData                   0x08010e19   Thumb Code    32  stm32f4xx_dac.o(.text)
    DAC_GetDataOutputValue                   0x08010e39   Thumb Code    32  stm32f4xx_dac.o(.text)
    DAC_DMACmd                               0x08010e59   Thumb Code    38  stm32f4xx_dac.o(.text)
    DAC_ITConfig                             0x08010e7f   Thumb Code    36  stm32f4xx_dac.o(.text)
    DAC_GetFlagStatus                        0x08010ea3   Thumb Code    28  stm32f4xx_dac.o(.text)
    DAC_ClearFlag                            0x08010ebf   Thumb Code    12  stm32f4xx_dac.o(.text)
    DAC_GetITStatus                          0x08010ecb   Thumb Code    44  stm32f4xx_dac.o(.text)
    DAC_ClearITPendingBit                    0x08010ef7   Thumb Code    12  stm32f4xx_dac.o(.text)
    IWDG_WriteAccessCmd                      0x08010f09   Thumb Code     6  stm32f4xx_iwdg.o(.text)
    IWDG_SetPrescaler                        0x08010f0f   Thumb Code     6  stm32f4xx_iwdg.o(.text)
    IWDG_SetReload                           0x08010f15   Thumb Code     6  stm32f4xx_iwdg.o(.text)
    IWDG_ReloadCounter                       0x08010f1b   Thumb Code    10  stm32f4xx_iwdg.o(.text)
    IWDG_Enable                              0x08010f25   Thumb Code    10  stm32f4xx_iwdg.o(.text)
    IWDG_GetFlagStatus                       0x08010f2f   Thumb Code    20  stm32f4xx_iwdg.o(.text)
    arm_mat_add_f32                          0x08010f49   Thumb Code   192  arm_mat_add_f32.o(.text)
    arm_mat_init_f32                         0x08011009   Thumb Code     8  arm_mat_init_f32.o(.text)
    arm_mat_inverse_f32                      0x08011011   Thumb Code   778  arm_mat_inverse_f32.o(.text)
    arm_mat_mult_f32                         0x08011321   Thumb Code   320  arm_mat_mult_f32.o(.text)
    arm_mat_sub_f32                          0x08011465   Thumb Code   192  arm_mat_sub_f32.o(.text)
    arm_mat_trans_f32                        0x08011525   Thumb Code   152  arm_mat_trans_f32.o(.text)
    vListInitialise                          0x080115bd   Thumb Code    26  list.o(.text)
    vListInitialiseItem                      0x080115d7   Thumb Code     6  list.o(.text)
    vListInsertEnd                           0x080115dd   Thumb Code    24  list.o(.text)
    vListInsert                              0x080115f5   Thumb Code    52  list.o(.text)
    uxListRemove                             0x08011629   Thumb Code    40  list.o(.text)
    xQueueGenericReset                       0x08011651   Thumb Code   146  queue.o(.text)
    xQueueGenericCreate                      0x0801170d   Thumb Code    88  queue.o(.text)
    xQueueGenericSend                        0x0801187d   Thumb Code   420  queue.o(.text)
    xQueueCreateMutex                        0x08011a3d   Thumb Code    34  queue.o(.text)
    xQueueGiveMutexRecursive                 0x08011a5f   Thumb Code    76  queue.o(.text)
    xQueueGenericReceive                     0x08011aef   Thumb Code   446  queue.o(.text)
    xQueueTakeMutexRecursive                 0x08011cad   Thumb Code    82  queue.o(.text)
    xQueueCreateCountingSemaphore            0x08011cff   Thumb Code    92  queue.o(.text)
    xQueueGenericSendFromISR                 0x08011d5b   Thumb Code   248  queue.o(.text)
    xQueueGiveFromISR                        0x08011e53   Thumb Code   224  queue.o(.text)
    xQueueReceiveFromISR                     0x08011f33   Thumb Code   210  queue.o(.text)
    xQueuePeekFromISR                        0x08012005   Thumb Code   176  queue.o(.text)
    uxQueueMessagesWaiting                   0x080120b5   Thumb Code    42  queue.o(.text)
    uxQueueSpacesAvailable                   0x080120df   Thumb Code    48  queue.o(.text)
    uxQueueMessagesWaitingFromISR            0x0801210f   Thumb Code    30  queue.o(.text)
    vQueueUnregisterQueue                    0x0801212d   Thumb Code    44  queue.o(.text)
    vQueueDelete                             0x08012159   Thumb Code    44  queue.o(.text)
    uxQueueGetQueueNumber                    0x08012185   Thumb Code     6  queue.o(.text)
    vQueueSetQueueNumber                     0x0801218b   Thumb Code     4  queue.o(.text)
    ucQueueGetQueueType                      0x0801218f   Thumb Code     8  queue.o(.text)
    xQueueIsQueueEmptyFromISR                0x08012197   Thumb Code    38  queue.o(.text)
    xQueueIsQueueFullFromISR                 0x080121bd   Thumb Code    42  queue.o(.text)
    vQueueAddToRegistry                      0x080121e7   Thumb Code    38  queue.o(.text)
    pcQueueGetName                           0x0801220d   Thumb Code    38  queue.o(.text)
    vQueueWaitForMessageRestricted           0x08012233   Thumb Code    74  queue.o(.text)
    xTaskCreate                              0x08012417   Thumb Code    96  tasks.o(.text)
    vTaskDelete                              0x080124b3   Thumb Code   202  tasks.o(.text)
    xTaskIncrementTick                       0x0801257d   Thumb Code   358  tasks.o(.text)
    xTaskResumeAll                           0x080126e3   Thumb Code   224  tasks.o(.text)
    vTaskSuspendAll                          0x0801283f   Thumb Code    12  tasks.o(.text)
    vTaskDelayUntil                          0x0801284b   Thumb Code   200  tasks.o(.text)
    vTaskDelay                               0x08012913   Thumb Code    82  tasks.o(.text)
    eTaskGetState                            0x08012965   Thumb Code   112  tasks.o(.text)
    uxTaskPriorityGet                        0x080129d5   Thumb Code    30  tasks.o(.text)
    uxTaskPriorityGetFromISR                 0x080129f3   Thumb Code    62  tasks.o(.text)
    vTaskPrioritySet                         0x08012a31   Thumb Code   322  tasks.o(.text)
    vTaskSwitchContext                       0x08012b73   Thumb Code   118  tasks.o(.text)
    vTaskSuspend                             0x08012be9   Thumb Code   196  tasks.o(.text)
    vTaskResume                              0x08012cfd   Thumb Code   128  tasks.o(.text)
    xTaskResumeFromISR                       0x08012d7d   Thumb Code   158  tasks.o(.text)
    vTaskStartScheduler                      0x08012e91   Thumb Code   192  tasks.o(.text)
    vTaskEndScheduler                        0x08012f51   Thumb Code    32  tasks.o(.text)
    xTaskGetTickCount                        0x08012f71   Thumb Code     6  tasks.o(.text)
    xTaskGetTickCountFromISR                 0x08012f77   Thumb Code    16  tasks.o(.text)
    uxTaskGetNumberOfTasks                   0x08012f87   Thumb Code     6  tasks.o(.text)
    pcTaskGetName                            0x08012f8d   Thumb Code    44  tasks.o(.text)
    vTaskGetInfo                             0x08012fcf   Thumb Code   114  tasks.o(.text)
    uxTaskGetSystemState                     0x080130ab   Thumb Code   152  tasks.o(.text)
    vTaskPlaceOnEventList                    0x08013143   Thumb Code    52  tasks.o(.text)
    vTaskPlaceOnUnorderedEventList           0x08013177   Thumb Code   100  tasks.o(.text)
    vTaskPlaceOnEventListRestricted          0x080131db   Thumb Code    60  tasks.o(.text)
    xTaskRemoveFromEventList                 0x08013217   Thumb Code   128  tasks.o(.text)
    xTaskRemoveFromUnorderedEventList        0x08013297   Thumb Code   154  tasks.o(.text)
    vTaskSetTimeOutState                     0x08013331   Thumb Code    90  tasks.o(.text)
    xTaskCheckForTimeOut                     0x0801338b   Thumb Code   132  tasks.o(.text)
    vTaskMissedYield                         0x0801340f   Thumb Code     8  tasks.o(.text)
    uxTaskGetTaskNumber                      0x08013417   Thumb Code    14  tasks.o(.text)
    vTaskSetTaskNumber                       0x08013425   Thumb Code     8  tasks.o(.text)
    xTaskGetCurrentTaskHandle                0x0801342d   Thumb Code     6  tasks.o(.text)
    xTaskGetSchedulerState                   0x08013433   Thumb Code    24  tasks.o(.text)
    vTaskPriorityInherit                     0x0801344b   Thumb Code   164  tasks.o(.text)
    xTaskPriorityDisinherit                  0x080134ef   Thumb Code   188  tasks.o(.text)
    uxTaskResetEventItemValue                0x080135ab   Thumb Code    24  tasks.o(.text)
    pvTaskIncrementMutexHeldCount            0x080135c3   Thumb Code    26  tasks.o(.text)
    ulTaskNotifyTake                         0x080135dd   Thumb Code   108  tasks.o(.text)
    xTaskNotifyWait                          0x08013649   Thumb Code   150  tasks.o(.text)
    xTaskGenericNotify                       0x080136df   Thumb Code   280  tasks.o(.text)
    xTaskGenericNotifyFromISR                0x080137f7   Thumb Code   298  tasks.o(.text)
    vTaskNotifyGiveFromISR                   0x08013921   Thumb Code   216  tasks.o(.text)
    xTaskNotifyStateClear                    0x080139f9   Thumb Code    48  tasks.o(.text)
    xTimerGenericCommand                     0x08013a95   Thumb Code   126  timers.o(.text)
    xTimerCreateTimerTask                    0x08013e0d   Thumb Code   120  timers.o(.text)
    xTimerCreate                             0x08013ed3   Thumb Code    48  timers.o(.text)
    xTimerGetTimerDaemonTaskHandle           0x08013f03   Thumb Code    42  timers.o(.text)
    xTimerGetPeriod                          0x08013f2d   Thumb Code    32  timers.o(.text)
    xTimerGetExpiryTime                      0x08013f4d   Thumb Code    34  timers.o(.text)
    pcTimerGetName                           0x08013f6f   Thumb Code    32  timers.o(.text)
    xTimerIsTimerActive                      0x08013f8f   Thumb Code    56  timers.o(.text)
    pvTimerGetTimerID                        0x08013fc7   Thumb Code    44  timers.o(.text)
    vTimerSetTimerID                         0x08013ff3   Thumb Code    44  timers.o(.text)
    pvPortMalloc                             0x080140e7   Thumb Code   296  heap_4.o(.text)
    vPortFree                                0x0801420f   Thumb Code   140  heap_4.o(.text)
    xPortGetFreeHeapSize                     0x0801429b   Thumb Code     6  heap_4.o(.text)
    xPortGetMinimumEverFreeHeapSize          0x080142a1   Thumb Code     6  heap_4.o(.text)
    vPortInitialiseBlocks                    0x080142a7   Thumb Code     2  heap_4.o(.text)
    pxPortInitialiseStack                    0x080142fd   Thumb Code    38  port.o(.text)
    vPortSetupTimerInterrupt                 0x08014323   Thumb Code    26  port.o(.text)
    xPortStartScheduler                      0x0801433d   Thumb Code   288  port.o(.text)
    vPortEndScheduler                        0x0801445d   Thumb Code    42  port.o(.text)
    vPortEnterCritical                       0x08014487   Thumb Code    78  port.o(.text)
    vPortExitCritical                        0x080144d5   Thumb Code    56  port.o(.text)
    xPortSysTickHandler                      0x0801450d   Thumb Code    48  port.o(.text)
    vPortValidateInterruptPriority           0x0801453d   Thumb Code   108  port.o(.text)
    __use_no_semihosting                     0x080145cd   Thumb Code     2  use_no_semi_2.o(.text)
    __aeabi_ldivmod                          0x080145cf   Thumb Code     0  llsdiv.o(.text)
    _ll_sdiv                                 0x080145cf   Thumb Code    72  llsdiv.o(.text)
    __2printf                                0x08014619   Thumb Code    20  noretval__2printf.o(.text)
    _printf_pre_padding                      0x08014631   Thumb Code    44  _printf_pad.o(.text)
    _printf_post_padding                     0x0801465d   Thumb Code    34  _printf_pad.o(.text)
    _printf_int_dec                          0x08014681   Thumb Code   104  _printf_dec.o(.text)
    _printf_int_hex                          0x080146f9   Thumb Code    84  _printf_hex_int.o(.text)
    _printf_longlong_hex                     0x080146f9   Thumb Code     0  _printf_hex_int.o(.text)
    __printf                                 0x08014751   Thumb Code   308  __printf_flags_wp.o(.text)
    memcmp                                   0x08014889   Thumb Code    88  memcmp.o(.text)
    __aeabi_memcpy                           0x080148e1   Thumb Code     0  rt_memcpy_v6.o(.text)
    __rt_memcpy                              0x080148e1   Thumb Code   138  rt_memcpy_v6.o(.text)
    _memcpy_lastbytes                        0x08014947   Thumb Code     0  rt_memcpy_v6.o(.text)
    __aeabi_memset                           0x0801496b   Thumb Code    16  aeabi_memset.o(.text)
    __aeabi_memclr                           0x0801497b   Thumb Code     0  rt_memclr.o(.text)
    __rt_memclr                              0x0801497b   Thumb Code    68  rt_memclr.o(.text)
    _memset                                  0x0801497f   Thumb Code     0  rt_memclr.o(.text)
    __aeabi_memclr4                          0x080149bf   Thumb Code     0  rt_memclr_w.o(.text)
    __aeabi_memclr8                          0x080149bf   Thumb Code     0  rt_memclr_w.o(.text)
    __rt_memclr_w                            0x080149bf   Thumb Code    78  rt_memclr_w.o(.text)
    _memset_w                                0x080149c3   Thumb Code     0  rt_memclr_w.o(.text)
    __use_two_region_memory                  0x08014a0d   Thumb Code     2  heapauxi.o(.text)
    __rt_heap_escrow$2region                 0x08014a0f   Thumb Code     2  heapauxi.o(.text)
    __rt_heap_expand$2region                 0x08014a11   Thumb Code     2  heapauxi.o(.text)
    __I$use$semihosting                      0x08014a13   Thumb Code     0  use_no_semi.o(.text)
    __use_no_semihosting_swi                 0x08014a13   Thumb Code     2  use_no_semi.o(.text)
    __aeabi_uldivmod                         0x08014a15   Thumb Code     0  lludivv7m.o(.text)
    _ll_udiv                                 0x08014a15   Thumb Code   238  lludivv7m.o(.text)
    __read_errno                             0x08014b03   Thumb Code    10  _rserrno.o(.text)
    __set_errno                              0x08014b0d   Thumb Code    12  _rserrno.o(.text)
    _printf_int_common                       0x08014b19   Thumb Code   178  _printf_intcommon.o(.text)
    _printf_char_file                        0x08014bcd   Thumb Code    32  _printf_char_file.o(.text)
    __aeabi_memcpy4                          0x08014bf1   Thumb Code     0  rt_memcpy_w.o(.text)
    __aeabi_memcpy8                          0x08014bf1   Thumb Code     0  rt_memcpy_w.o(.text)
    __rt_memcpy_w                            0x08014bf1   Thumb Code   100  rt_memcpy_w.o(.text)
    _memcpy_lastbytes_aligned                0x08014c39   Thumb Code     0  rt_memcpy_w.o(.text)
    __aeabi_errno_addr                       0x08014c55   Thumb Code     8  rt_errno_addr_intlibspace.o(.text)
    __errno$intlibspace                      0x08014c55   Thumb Code     0  rt_errno_addr_intlibspace.o(.text)
    __rt_errno_addr$intlibspace              0x08014c55   Thumb Code     0  rt_errno_addr_intlibspace.o(.text)
    _printf_char_common                      0x08014c67   Thumb Code    32  _printf_char_common.o(.text)
    ferror                                   0x08014c8d   Thumb Code     8  ferror.o(.text)
    __user_libspace                          0x08014c95   Thumb Code     8  libspace.o(.text)
    __user_perproc_libspace                  0x08014c95   Thumb Code     0  libspace.o(.text)
    __user_perthread_libspace                0x08014c95   Thumb Code     0  libspace.o(.text)
    __user_setup_stackheap                   0x08014c9d   Thumb Code    74  sys_stackheap_outer.o(.text)
    exit                                     0x08014ce7   Thumb Code    18  exit.o(.text)
    __ARM_fpclassify                         0x08014cf9   Thumb Code    48  fpclassify.o(i.__ARM_fpclassify)
    __hardfp_asin                            0x08014d29   Thumb Code   770  asin.o(i.__hardfp_asin)
    __hardfp_atan                            0x08015089   Thumb Code   622  atan.o(i.__hardfp_atan)
    __hardfp_atan2                           0x08015361   Thumb Code   432  atan2.o(i.__hardfp_atan2)
    __hardfp_cos                             0x08015551   Thumb Code   180  cos.o(i.__hardfp_cos)
    __hardfp_fabs                            0x08015619   Thumb Code    20  fabs.o(i.__hardfp_fabs)
    __hardfp_sin                             0x08015631   Thumb Code   180  sin.o(i.__hardfp_sin)
    __hardfp_sqrt                            0x080156f9   Thumb Code   122  sqrt.o(i.__hardfp_sqrt)
    __ieee754_rem_pio2                       0x08015779   Thumb Code   938  rred.o(i.__ieee754_rem_pio2)
    __kernel_cos                             0x08015bb1   Thumb Code   322  cos_i.o(i.__kernel_cos)
    __kernel_poly                            0x08015d21   Thumb Code   248  poly.o(i.__kernel_poly)
    __kernel_sin                             0x08015e19   Thumb Code   280  sin_i.o(i.__kernel_sin)
    __mathlib_dbl_infnan                     0x08015f49   Thumb Code    20  dunder.o(i.__mathlib_dbl_infnan)
    __mathlib_dbl_infnan2                    0x08015f5d   Thumb Code    20  dunder.o(i.__mathlib_dbl_infnan2)
    __mathlib_dbl_invalid                    0x08015f71   Thumb Code    24  dunder.o(i.__mathlib_dbl_invalid)
    __mathlib_dbl_underflow                  0x08015f91   Thumb Code    24  dunder.o(i.__mathlib_dbl_underflow)
    _is_digit                                0x08015fb1   Thumb Code    14  __printf_wp.o(i._is_digit)
    atan                                     0x08015fbf   Thumb Code    16  atan.o(i.atan)
    fabs                                     0x08015fcf   Thumb Code    24  fabs.o(i.fabs)
    sqrt                                     0x08015fe7   Thumb Code   110  sqrt.o(i.sqrt)
    __aeabi_dneg                             0x08016055   Thumb Code     0  basic.o(x$fpl$basic)
    _dneg                                    0x08016055   Thumb Code     6  basic.o(x$fpl$basic)
    __aeabi_fneg                             0x0801605b   Thumb Code     0  basic.o(x$fpl$basic)
    _fneg                                    0x0801605b   Thumb Code     6  basic.o(x$fpl$basic)
    _dabs                                    0x08016061   Thumb Code     6  basic.o(x$fpl$basic)
    _fabs                                    0x08016067   Thumb Code     6  basic.o(x$fpl$basic)
    __aeabi_d2f                              0x0801606d   Thumb Code     0  d2f.o(x$fpl$d2f)
    _d2f                                     0x0801606d   Thumb Code    98  d2f.o(x$fpl$d2f)
    __aeabi_dadd                             0x080160d1   Thumb Code     0  daddsub_clz.o(x$fpl$dadd)
    _dadd                                    0x080160d1   Thumb Code   332  daddsub_clz.o(x$fpl$dadd)
    __fpl_dcmp_Inf                           0x08016221   Thumb Code    24  dcmpi.o(x$fpl$dcmpinf)
    __aeabi_ddiv                             0x08016239   Thumb Code     0  ddiv.o(x$fpl$ddiv)
    _ddiv                                    0x08016239   Thumb Code   552  ddiv.o(x$fpl$ddiv)
    __aeabi_d2iz                             0x080164e9   Thumb Code     0  dfix.o(x$fpl$dfix)
    _dfix                                    0x080164e9   Thumb Code    94  dfix.o(x$fpl$dfix)
    __aeabi_d2uiz                            0x08016549   Thumb Code     0  dfixu.o(x$fpl$dfixu)
    _dfixu                                   0x08016549   Thumb Code    90  dfixu.o(x$fpl$dfixu)
    __aeabi_i2d                              0x080165a3   Thumb Code     0  dflt_clz.o(x$fpl$dflt)
    _dflt                                    0x080165a3   Thumb Code    46  dflt_clz.o(x$fpl$dflt)
    __aeabi_ui2d                             0x080165d1   Thumb Code     0  dflt_clz.o(x$fpl$dfltu)
    _dfltu                                   0x080165d1   Thumb Code    38  dflt_clz.o(x$fpl$dfltu)
    __aeabi_cdcmple                          0x080165f9   Thumb Code     0  dleqf.o(x$fpl$dleqf)
    _dcmple                                  0x080165f9   Thumb Code   120  dleqf.o(x$fpl$dleqf)
    __fpl_dcmple_InfNaN                      0x0801665b   Thumb Code     0  dleqf.o(x$fpl$dleqf)
    __aeabi_dmul                             0x08016671   Thumb Code     0  dmul.o(x$fpl$dmul)
    _dmul                                    0x08016671   Thumb Code   332  dmul.o(x$fpl$dmul)
    __fpl_dnaninf                            0x080167c5   Thumb Code   156  dnaninf.o(x$fpl$dnaninf)
    __fpl_dretinf                            0x08016861   Thumb Code    12  dretinf.o(x$fpl$dretinf)
    __aeabi_cdrcmple                         0x0801686d   Thumb Code     0  drleqf.o(x$fpl$drleqf)
    _drcmple                                 0x0801686d   Thumb Code   108  drleqf.o(x$fpl$drleqf)
    __aeabi_drsub                            0x080168d9   Thumb Code     0  daddsub_clz.o(x$fpl$drsb)
    _drsb                                    0x080168d9   Thumb Code    22  daddsub_clz.o(x$fpl$drsb)
    _dsqrt                                   0x080168f1   Thumb Code   404  dsqrt_umaal.o(x$fpl$dsqrt)
    __aeabi_dsub                             0x08016a89   Thumb Code     0  daddsub_clz.o(x$fpl$dsub)
    _dsub                                    0x08016a89   Thumb Code   464  daddsub_clz.o(x$fpl$dsub)
    __aeabi_f2d                              0x08016c5d   Thumb Code     0  f2d.o(x$fpl$f2d)
    _f2d                                     0x08016c5d   Thumb Code    86  f2d.o(x$fpl$f2d)
    __fpl_fnaninf                            0x08016cb3   Thumb Code   140  fnaninf.o(x$fpl$fnaninf)
    _fp_init                                 0x08016d3f   Thumb Code    10  fpinit.o(x$fpl$fpinit)
    __fplib_config_fpu_vfp                   0x08016d47   Thumb Code     0  fpinit.o(x$fpl$fpinit)
    __fplib_config_pureend_doubles           0x08016d47   Thumb Code     0  fpinit.o(x$fpl$fpinit)
    __fpl_fretinf                            0x08016d49   Thumb Code    10  fretinf.o(x$fpl$fretinf)
    CRC8_INIT                                0x08016d52   Data           1  crc.o(.constdata)
    __I$use$fp                               0x08016d52   Number         0  usenofp.o(x$fpl$usenofp)
    CRC8_TAB                                 0x08016d53   Data         256  crc.o(.constdata)
    wCRC_Table                               0x08016e54   Data         512  crc.o(.constdata)
    reg                                      0x08017054   Data          27  inv_mpu.o(.constdata)
    hw                                       0x08017070   Data          12  inv_mpu.o(.constdata)
    test                                     0x0801707c   Data          40  inv_mpu.o(.constdata)
    __mathlib_zero                           0x08017df0   Data           8  qnan.o(.constdata)
    Region$$Table$$Base                      0x08017f38   Number         0  anon$$obj.o(Region$$Table)
    Region$$Table$$Limit                     0x08017f58   Number         0  anon$$obj.o(Region$$Table)
    pass_flag                                0x20000000   Data           1  system.o(.data)
    ulRemoteLostTime                         0x20000010   Data           4  remote.o(.data)
    remoteMode                               0x20000014   Data           1  control.o(.data)
    systemState                              0x20000015   Data           1  control.o(.data)
    matrix_value1                            0x2000001c   Data           4  kalman_filter.o(.data)
    matrix_value2                            0x20000020   Data           4  kalman_filter.o(.data)
    CRC_INIT                                 0x20000024   Data           2  crc.o(.data)
    Magazine_Switch                          0x20000028   Data           1  magazine.o(.data)
    Magazine_Key_Switch                      0x20000029   Data           1  magazine.o(.data)
    Magazine_Target                          0x2000002a   Data           2  magazine.o(.data)
    Magazine_Actual                          0x2000002c   Data           2  magazine.o(.data)
    Magazine_ServoRamp                       0x2000002e   Data           2  magazine.o(.data)
    Maga_Switch_R                            0x20000030   Data           1  magazine.o(.data)
    Maga_Key_R_Change                        0x20000031   Data           1  magazine.o(.data)
    Maga_Times                               0x20000032   Data           1  magazine.o(.data)
    Senty_Run_Flag                           0x20000033   Data           1  magazine.o(.data)
    maga_remot_change                        0x20000034   Data           1  magazine.o(.data)
    Friction_PWM_Output                      0x20000040   Data          24  friction.o(.data)
    Friction_PWM_HeatInc                     0x20000058   Data          10  friction.o(.data)
    Fric_Speed_Level                         0x20000062   Data           2  friction.o(.data)
    Friction_Switch                          0x20000064   Data           1  friction.o(.data)
    Friction_Speed_Target                    0x20000068   Data           4  friction.o(.data)
    Frict_Speed_Level_Target                 0x2000006c   Data           4  friction.o(.data)
    Friction_Speed_Real                      0x20000070   Data           4  friction.o(.data)
    fric_rc_debug                            0x20000074   Data           4  friction.o(.data)
    debug_fric                               0x20000078   Data           4  friction.o(.data)
    Fric_Dist_Far                            0x2000007c   Data           4  friction.o(.data)
    Fric_Dist_Near                           0x20000080   Data           4  friction.o(.data)
    chargeFlag                               0x20000090   Data           1  super_cap.o(.data)
    capFlag                                  0x20000091   Data           1  super_cap.o(.data)
    getCapNowVol                             0x20000094   Data           4  super_cap.o(.data)
    Max_Vol                                  0x20000098   Data           4  super_cap.o(.data)
    Min_Vol                                  0x2000009c   Data           4  super_cap.o(.data)
    Chass_Realtime_Power                     0x200000a0   Data           4  super_cap.o(.data)
    Chass_Realtime_RemainEnergy              0x200000a4   Data           4  super_cap.o(.data)
    cap_radio                                0x200000a8   Data           4  super_cap.o(.data)
    debugmaxpower                            0x200000ac   Data           4  super_cap.o(.data)
    realtimePower                            0x200000b0   Data           4  super_cap.o(.data)
    realtimePowerError                       0x200000b4   Data           4  super_cap.o(.data)
    realtimeLastPowerError                   0x200000b8   Data           4  super_cap.o(.data)
    debugsum                                 0x200000bc   Data           4  super_cap.o(.data)
    debugnumtoadd                            0x200000c0   Data           4  super_cap.o(.data)
    last_target_all                          0x200000c4   Data           4  super_cap.o(.data)
    just_a_flag                              0x200000cc   Data           1  super_cap.o(.data)
    yunsuflag                                0x200000cd   Data           1  super_cap.o(.data)
    usCom2PackageNum                         0x200000d4   Data           2  usart2.o(.data)
    Start_RC_Mode                            0x200000d6   Data           1  usart2.o(.data)
    this_time_rx_len                         0x200000d8   Data           4  usart2.o(.data)
    Usart4_Clean_IDLE_Flag                   0x200000dc   Data           4  usart4.o(.data)
    Usart5_Clean_IDLE_Flag                   0x200000e0   Data           4  usart5.o(.data)
    value                                    0x200000e4   Data           4  adda.o(.data)
    StartTask_Handler                        0x200000e8   Data           4  task_start.o(.data)
    Task_Control_Protect_Handler             0x200000ec   Data           4  task_start.o(.data)
    Task_Chassis_Handler                     0x200000f0   Data           4  task_start.o(.data)
    Task_Gimbal_Handler                      0x200000f4   Data           4  task_start.o(.data)
    Task_Revolver_Handler                    0x200000f8   Data           4  task_start.o(.data)
    Task_10ms_Handler                        0x200000fc   Data           4  task_start.o(.data)
    Task_500ms_Handler                       0x20000100   Data           4  task_start.o(.data)
    Task_OutCtl_Handler                      0x20000104   Data           4  task_start.o(.data)
    kRc_Mech_Chassis_Standard                0x2000010c   Data           4  task_chassis.o(.data)
    kRc_Mech_Chassis_Revolve                 0x20000110   Data           4  task_chassis.o(.data)
    kRc_Gyro_Chassis_Standard                0x20000114   Data           4  task_chassis.o(.data)
    kRc_Gyro_Chassis_Revolve                 0x20000118   Data           4  task_chassis.o(.data)
    kKey_Mech_Chassis_Standard               0x2000011c   Data           4  task_chassis.o(.data)
    kKey_Mech_Chassis_Revolve                0x20000120   Data           4  task_chassis.o(.data)
    kKey_Gyro_Chassis_Standard               0x20000124   Data           4  task_chassis.o(.data)
    kKey_Gyro_Chassis_Revolve                0x20000128   Data           4  task_chassis.o(.data)
    Chassis_Move_X                           0x2000012c   Data           4  task_chassis.o(.data)
    Chassis_Move_Y                           0x20000130   Data           4  task_chassis.o(.data)
    Chassis_Move_Z                           0x20000134   Data           4  task_chassis.o(.data)
    Chassis_Speed_Measure                    0x20000138   Data           8  task_chassis.o(.data)
    Chassis_Angle_Measure                    0x20000140   Data           8  task_chassis.o(.data)
    Chassis_Current_Measure                  0x20000148   Data           8  task_chassis.o(.data)
    Chassis_Gyro_Error                       0x20000150   Data           2  task_chassis.o(.data)
    Chassis_Z_kpid                           0x20000154   Data          12  task_chassis.o(.data)
    pTermChassisZ                            0x20000160   Data           4  task_chassis.o(.data)
    dTermChassisZ                            0x20000164   Data           4  task_chassis.o(.data)
    Chassis_Final_Output_Max                 0x20000168   Data           4  task_chassis.o(.data)
    Chassis_Standard_Move_Max                0x2000016c   Data           4  task_chassis.o(.data)
    Chassis_Revolve_Move_Max                 0x20000170   Data           4  task_chassis.o(.data)
    Chassis_Limit_Output_Max                 0x20000174   Data           4  task_chassis.o(.data)
    Slope_Chassis_Move_Z                     0x20000178   Data           4  task_chassis.o(.data)
    timeInc                                  0x2000017c   Data           2  task_chassis.o(.data)
    timeInc_Saltation                        0x2000017e   Data           2  task_chassis.o(.data)
    timeXFron                                0x20000180   Data           2  task_chassis.o(.data)
    timeXBack                                0x20000182   Data           2  task_chassis.o(.data)
    timeYLeft                                0x20000184   Data           2  task_chassis.o(.data)
    timeYRigh                                0x20000186   Data           2  task_chassis.o(.data)
    Slope_Chassis_Move_Fron                  0x20000188   Data           4  task_chassis.o(.data)
    Slope_Chassis_Move_Back                  0x2000018c   Data           4  task_chassis.o(.data)
    Slope_Chassis_Move_Left                  0x20000190   Data           4  task_chassis.o(.data)
    Slope_Chassis_Move_Righ                  0x20000194   Data           4  task_chassis.o(.data)
    Slope_Chassis_Revolve_Move               0x20000198   Data           4  task_chassis.o(.data)
    WARNING_REMAIN_POWER                     0x2000019c   Data           4  task_chassis.o(.data)
    fChasCurrentLimit                        0x200001a0   Data           4  task_chassis.o(.data)
    fTotalCurrentLimit                       0x200001a4   Data           4  task_chassis.o(.data)
    Chass_Switch_F                           0x200001a8   Data           1  task_chassis.o(.data)
    Chass_Key_F_Change                       0x200001a9   Data           1  task_chassis.o(.data)
    Chass_Switch_X                           0x200001aa   Data           1  task_chassis.o(.data)
    Chass_Key_X_Change                       0x200001ab   Data           1  task_chassis.o(.data)
    Miss_Mode_Time                           0x200001ac   Data           4  task_chassis.o(.data)
    modeChassis                              0x200001b0   Data           1  task_chassis.o(.data)
    actChassis                               0x200001b1   Data           1  task_chassis.o(.data)
    remot_change                             0x200001b2   Data           1  task_chassis.o(.data)
    stateCorgi                               0x200001b4   Data           2  task_chassis.o(.data)
    IfCorgiChange                            0x200001b6   Data           1  task_chassis.o(.data)
    corgi_angle_target                       0x200001b8   Data           2  task_chassis.o(.data)
    speed_z_pterm                            0x200001bc   Data           4  task_chassis.o(.data)
    speed_z_iterm                            0x200001c0   Data           4  task_chassis.o(.data)
    speed_z_dterm                            0x200001c4   Data           4  task_chassis.o(.data)
    Revolver_mode                            0x2000020c   Data           1  task_revolver.o(.data)
    actShoot                                 0x2000020d   Data           1  task_revolver.o(.data)
    Revolver_Speed_Measure                   0x2000020e   Data           2  task_revolver.o(.data)
    Revolver_Angle_Measure                   0x20000210   Data           2  task_revolver.o(.data)
    Revolver_Speed_Error                     0x20000214   Data           4  task_revolver.o(.data)
    Revolver_Angle_Error                     0x20000218   Data           8  task_revolver.o(.data)
    Revolver_Angle_Measure_Sum               0x20000220   Data           4  task_revolver.o(.data)
    Revolver_Angle_Measure_Prev              0x20000224   Data           2  task_revolver.o(.data)
    Revolver_Angle_Target                    0x20000228   Data           4  task_revolver.o(.data)
    Revolver_Angle_Target_Sum                0x2000022c   Data           4  task_revolver.o(.data)
    Revolver_Buff_Target_Sum                 0x20000230   Data           4  task_revolver.o(.data)
    Revolver_Buff_Ramp                       0x20000234   Data           4  task_revolver.o(.data)
    Revolver_Speed_Target                    0x20000238   Data           4  task_revolver.o(.data)
    Revolver_Final_Output                    0x2000023c   Data           4  task_revolver.o(.data)
    Revolver_Freq                            0x20000240   Data           2  task_revolver.o(.data)
    Shoot_Interval                           0x20000244   Data           4  task_revolver.o(.data)
    Revol_Posit_RespondTime                  0x20000248   Data           4  task_revolver.o(.data)
    pTermRevolSpeed                          0x2000024c   Data           4  task_revolver.o(.data)
    iTermRevolSpeed                          0x20000250   Data           4  task_revolver.o(.data)
    pTermRevolAngle                          0x20000254   Data           8  task_revolver.o(.data)
    iTermRevolAngle                          0x2000025c   Data           8  task_revolver.o(.data)
    Revolver_Output_Max                      0x20000264   Data           4  task_revolver.o(.data)
    iTermRevolSpeedMax                       0x20000268   Data           4  task_revolver.o(.data)
    iTermRevolPosiMax                        0x2000026c   Data           4  task_revolver.o(.data)
    Key_ShootNum                             0x20000270   Data           2  task_revolver.o(.data)
    ShootNum_Allow                           0x20000272   Data           2  task_revolver.o(.data)
    Residue_Heat                             0x20000274   Data           2  task_revolver.o(.data)
    Shoot_HeatLimit                          0x20000276   Data           2  task_revolver.o(.data)
    Shoot_HeatIncSpeed                       0x20000278   Data           2  task_revolver.o(.data)
    Stuck_Speed_Sum                          0x2000027c   Data           4  task_revolver.o(.data)
    Stuck_Posit_Sum                          0x20000280   Data           4  task_revolver.o(.data)
    posishoot_time                           0x20000284   Data           4  task_revolver.o(.data)
    Revol_Switch_Left                        0x20000288   Data           1  task_revolver.o(.data)
    Revol_Key_Left_Change                    0x20000289   Data           1  task_revolver.o(.data)
    First_Into_Buff                          0x2000028a   Data           1  task_revolver.o(.data)
    Buff_Shoot_Begin                         0x2000028b   Data           1  task_revolver.o(.data)
    buff_fire                                0x2000028c   Data           1  task_revolver.o(.data)
    buff_change_fire                         0x2000028d   Data           1  task_revolver.o(.data)
    revol_remot_change                       0x2000028e   Data           1  task_revolver.o(.data)
    Revolver_Switch                          0x2000028f   Data           1  task_revolver.o(.data)
    buff_shoot_time                          0x20000290   Data           4  task_revolver.o(.data)
    New_Armor_Time                           0x20000294   Data           4  task_revolver.o(.data)
    buff_time                                0x20000298   Data           4  task_revolver.o(.data)
    shootbuff_flag                           0x2000029c   Data           4  task_revolver.o(.data)
    buff_lost_time                           0x200002a0   Data           4  task_revolver.o(.data)
    buff_change_lost_time                    0x200002a4   Data           4  task_revolver.o(.data)
    buff_shoot_close                         0x200002a8   Data           4  task_revolver.o(.data)
    buff_stamp                               0x200002ac   Data           4  task_revolver.o(.data)
    buff_lost_stamp                          0x200002b0   Data           4  task_revolver.o(.data)
    Armor_Change_Delay                       0x200002b4   Data           4  task_revolver.o(.data)
    dy                                       0x200002b8   Data           4  task_revolver.o(.data)
    down_sb_pitch                            0x20000318   Data           4  task_gimbal.o(.data)
    up_sb_pitch                              0x2000031c   Data           4  task_gimbal.o(.data)
    base_mech_pitch                          0x20000320   Data           4  task_gimbal.o(.data)
    modeGimbal                               0x20000324   Data           1  task_gimbal.o(.data)
    actGimbal                                0x20000325   Data           1  task_gimbal.o(.data)
    kRc_Mech_Pitch                           0x20000328   Data           4  task_gimbal.o(.data)
    kRc_Mech_Yaw                             0x2000032c   Data           4  task_gimbal.o(.data)
    kRc_Gyro_Pitch                           0x20000330   Data           4  task_gimbal.o(.data)
    kRc_Gyro_Yaw                             0x20000334   Data           4  task_gimbal.o(.data)
    krc_gyro_yaw                             0x20000338   Data           4  task_gimbal.o(.data)
    kKey_Mech_Pitch                          0x2000033c   Data           4  task_gimbal.o(.data)
    kKey_Mech_Yaw                            0x20000340   Data           4  task_gimbal.o(.data)
    kKey_Gyro_Pitch                          0x20000344   Data           4  task_gimbal.o(.data)
    kKey_Gyro_Yaw                            0x20000348   Data           4  task_gimbal.o(.data)
    kkey_gyro_yaw                            0x2000034c   Data           4  task_gimbal.o(.data)
    angleMpuPitch                            0x20000350   Data           4  task_gimbal.o(.data)
    angleMpuYaw                              0x20000354   Data           4  task_gimbal.o(.data)
    angleMpuRoll                             0x20000358   Data           4  task_gimbal.o(.data)
    palstanceMpuPitch                        0x2000035c   Data           2  task_gimbal.o(.data)
    palstanceMpuYaw                          0x2000035e   Data           2  task_gimbal.o(.data)
    palstanceMpuRoll                         0x20000360   Data           2  task_gimbal.o(.data)
    angleMotorPit                            0x20000362   Data           2  task_gimbal.o(.data)
    angleMotorYaw                            0x20000364   Data           2  task_gimbal.o(.data)
    pTermPit                                 0x20000368   Data           8  task_gimbal.o(.data)
    iTermPit                                 0x20000370   Data           8  task_gimbal.o(.data)
    pidTermPit                               0x20000378   Data           8  task_gimbal.o(.data)
    PID_Out_Max                              0x20000380   Data           4  task_gimbal.o(.data)
    PID_Outter_Max                           0x20000384   Data           4  task_gimbal.o(.data)
    PID_Iterm_Max                            0x20000388   Data           4  task_gimbal.o(.data)
    Slope_Mouse_Pitch                        0x2000038c   Data           4  task_gimbal.o(.data)
    Slope_Mouse_Yaw                          0x20000390   Data           4  task_gimbal.o(.data)
    Slope_Begin_Pitch                        0x20000394   Data           4  task_gimbal.o(.data)
    Slope_Begin_Yaw                          0x20000398   Data           4  task_gimbal.o(.data)
    Mouse_Gyro_Yaw                           0x2000039c   Data           4  task_gimbal.o(.data)
    Mouse_Gyro_Pitch                         0x200003a0   Data           4  task_gimbal.o(.data)
    Slope_Turn_Yaw                           0x200003a4   Data           4  task_gimbal.o(.data)
    Slope_Back_Yaw                           0x200003a8   Data           4  task_gimbal.o(.data)
    Slope_Fric_Pitch                         0x200003ac   Data           4  task_gimbal.o(.data)
    Slope_Auto_Yaw                           0x200003b0   Data           4  task_gimbal.o(.data)
    Slope_Auto_Pitch                         0x200003b4   Data           4  task_gimbal.o(.data)
    TURNMode_Yaw_Back_Total                  0x200003b8   Data           4  task_gimbal.o(.data)
    TURNMode_Yaw_Turn_Total                  0x200003bc   Data           4  task_gimbal.o(.data)
    Manual_Step                              0x200003c0   Data           4  task_gimbal.o(.data)
    Manual_Pitch_Comp                        0x200003c4   Data           4  task_gimbal.o(.data)
    Buff_Pitch_Comp                          0x200003c8   Data           4  task_gimbal.o(.data)
    Buff_Yaw_Comp                            0x200003cc   Data           4  task_gimbal.o(.data)
    Buff_Pitch_Comp_Gimbal                   0x200003d0   Data           4  task_gimbal.o(.data)
    Buff_Yaw_Comp_Gimbal                     0x200003d4   Data           4  task_gimbal.o(.data)
    Base_Yaw_Comp_Gimbal                     0x200003d8   Data           4  task_gimbal.o(.data)
    Buff_Pitch_Correct_Chassis               0x200003dc   Data           4  task_gimbal.o(.data)
    Buff_Yaw_Correct_Chassis                 0x200003e0   Data           4  task_gimbal.o(.data)
    Buff_Pitch_Correct_Gimbal                0x200003e4   Data           4  task_gimbal.o(.data)
    Buff_Yaw_Correct_Gimbal                  0x200003e8   Data           4  task_gimbal.o(.data)
    debug_y_mid                              0x200003ec   Data           4  task_gimbal.o(.data)
    debug_p_mid                              0x200003f0   Data           4  task_gimbal.o(.data)
    gb_yaw_posit_error                       0x200003f4   Data           4  task_gimbal.o(.data)
    gb_pitch_posit_error                     0x200003f8   Data           4  task_gimbal.o(.data)
    is_firstime_into_buff                    0x200003fc   Data           1  task_gimbal.o(.data)
    Auto_Error_Yaw                           0x20000400   Data           8  task_gimbal.o(.data)
    Auto_Error_Pitch                         0x20000408   Data           8  task_gimbal.o(.data)
    Auto_Distance                            0x20000410   Data           4  task_gimbal.o(.data)
    Base_Error_Yaw                           0x20000414   Data           4  task_gimbal.o(.data)
    first_time_into_base                     0x20000418   Data           1  task_gimbal.o(.data)
    Auto_KF_Delay                            0x2000041a   Data           2  task_gimbal.o(.data)
    debug_y_sk                               0x2000041c   Data           4  task_gimbal.o(.data)
    debug_y_sb_sk                            0x20000420   Data           4  task_gimbal.o(.data)
    debug_y_sb_brig_sk                       0x20000424   Data           4  task_gimbal.o(.data)
    debug_p_sk                               0x20000428   Data           4  task_gimbal.o(.data)
    debug_auto_err_y                         0x2000042c   Data           4  task_gimbal.o(.data)
    debug_auto_err_p                         0x20000430   Data           4  task_gimbal.o(.data)
    debug_kf_delay                           0x20000434   Data           4  task_gimbal.o(.data)
    debug_kf_speed_yl                        0x20000438   Data           4  task_gimbal.o(.data)
    debug_kf_speed_yl_sb                     0x2000043c   Data           4  task_gimbal.o(.data)
    debug_kf_speed_yh                        0x20000440   Data           4  task_gimbal.o(.data)
    debug_kf_speed_pl                        0x20000444   Data           4  task_gimbal.o(.data)
    debug_kf_y_angcon                        0x20000448   Data           4  task_gimbal.o(.data)
    debug_kf_p_angcon                        0x2000044c   Data           4  task_gimbal.o(.data)
    Vision_Angle_Speed_Yaw                   0x20000450   Data           4  task_gimbal.o(.data)
    Vision_Angle_Speed_Pitch                 0x20000454   Data           4  task_gimbal.o(.data)
    yaw_kf_result                            0x20000458   Data           4  task_gimbal.o(.data)
    pitch_kf_result                          0x2000045c   Data           4  task_gimbal.o(.data)
    yaw_kalman_filter_para                   0x20000460   Data         180  task_gimbal.o(.data)
    pitch_kalman_filter_para                 0x20000514   Data         180  task_gimbal.o(.data)
    Mobility_Prediction_Yaw                  0x200005c8   Data           1  task_gimbal.o(.data)
    Mobi_Pre_Yaw_Fire                        0x200005c9   Data           1  task_gimbal.o(.data)
    mobpre_yaw_left_delay                    0x200005ca   Data           2  task_gimbal.o(.data)
    mobpre_yaw_right_delay                   0x200005cc   Data           2  task_gimbal.o(.data)
    mobpre_yaw_stop_delay                    0x200005ce   Data           2  task_gimbal.o(.data)
    v_y_k                                    0x200005d0   Data           4  task_gimbal.o(.data)
    v_y_p                                    0x200005d4   Data           4  task_gimbal.o(.data)
    v_y_i                                    0x200005d8   Data           4  task_gimbal.o(.data)
    gv_p_k                                   0x200005dc   Data           4  task_gimbal.o(.data)
    gv_p_p                                   0x200005e0   Data           4  task_gimbal.o(.data)
    gv_p_i                                   0x200005e4   Data           4  task_gimbal.o(.data)
    gb_y_k                                   0x200005e8   Data           4  task_gimbal.o(.data)
    gb_y_p                                   0x200005ec   Data           4  task_gimbal.o(.data)
    gb_y_i                                   0x200005f0   Data           4  task_gimbal.o(.data)
    gb_p_k                                   0x200005f4   Data           4  task_gimbal.o(.data)
    gb_p_p                                   0x200005f8   Data           4  task_gimbal.o(.data)
    gb_p_i                                   0x200005fc   Data           4  task_gimbal.o(.data)
    debug_y_dk                               0x20000600   Data           4  task_gimbal.o(.data)
    Vision_Time                              0x20000604   Data           8  task_gimbal.o(.data)
    vision_time_js                           0x2000060c   Data           4  task_gimbal.o(.data)
    error_yaw_k                              0x20000610   Data           4  task_gimbal.o(.data)
    error_pitch_k                            0x20000614   Data           4  task_gimbal.o(.data)
    debug_kf_y_angle                         0x20000618   Data           4  task_gimbal.o(.data)
    debug_kf_p_angle                         0x2000061c   Data           4  task_gimbal.o(.data)
    yaw_speed_k                              0x20000620   Data           4  task_gimbal.o(.data)
    kf_yaw_angcon                            0x20000624   Data           4  task_gimbal.o(.data)
    pitch_speed_k                            0x20000628   Data           4  task_gimbal.o(.data)
    kf_pitch_angcon                          0x2000062c   Data           4  task_gimbal.o(.data)
    debug_kf_angle_temp                      0x20000630   Data           4  task_gimbal.o(.data)
    debug_kf_angle_ramp                      0x20000634   Data           4  task_gimbal.o(.data)
    debug_kf_dist                            0x20000638   Data           4  task_gimbal.o(.data)
    debug_dist_bc                            0x2000063c   Data           4  task_gimbal.o(.data)
    gim_auto_ramp_y                          0x20000640   Data           4  task_gimbal.o(.data)
    gim_auto_ramp_p                          0x20000644   Data           4  task_gimbal.o(.data)
    js_yaw                                   0x20000648   Data           4  task_gimbal.o(.data)
    js_pitch                                 0x2000064c   Data           4  task_gimbal.o(.data)
    kf_speed_yl                              0x20000650   Data           4  task_gimbal.o(.data)
    speed_threshold                          0x20000654   Data           4  task_gimbal.o(.data)
    debug_speed                              0x20000658   Data           4  task_gimbal.o(.data)
    debug_angle_diff                         0x2000065c   Data           4  task_gimbal.o(.data)
    Vision_Buff_Time                         0x20000660   Data           8  task_gimbal.o(.data)
    vision_buff_time_js                      0x20000668   Data           4  task_gimbal.o(.data)
    gb_yaw_angle                             0x2000066c   Data           4  task_gimbal.o(.data)
    gb_pitch_angle                           0x20000670   Data           4  task_gimbal.o(.data)
    debug_gb_y_error                         0x20000674   Data           4  task_gimbal.o(.data)
    debug_gb_p_error                         0x20000678   Data           4  task_gimbal.o(.data)
    buff_y_raw                               0x2000067c   Data           4  task_gimbal.o(.data)
    buff_p_raw                               0x20000680   Data           4  task_gimbal.o(.data)
    gb_pitch_compe                           0x20000684   Data           4  task_gimbal.o(.data)
    gb_yaw_angle_gim                         0x20000688   Data           4  task_gimbal.o(.data)
    gb_pitch_angle_gim                       0x2000068c   Data           4  task_gimbal.o(.data)
    buff_gimb_ramp_yaw                       0x20000690   Data           4  task_gimbal.o(.data)
    buff_gimb_ramp_pitch                     0x20000694   Data           4  task_gimbal.o(.data)
    buff_into_time                           0x20000698   Data           4  task_gimbal.o(.data)
    Manual_Switch_Right                      0x2000069c   Data           1  task_gimbal.o(.data)
    Manual_Centre_Yaw                        0x200006a0   Data           4  task_gimbal.o(.data)
    Manual_Centre_Pitch                      0x200006a4   Data           4  task_gimbal.o(.data)
    Manual_Radius                            0x200006a8   Data           4  task_gimbal.o(.data)
    Manual_High                              0x200006ac   Data           4  task_gimbal.o(.data)
    js_ang_p                                 0x200006b0   Data           4  task_gimbal.o(.data)
    js_pal_p                                 0x200006b4   Data           4  task_gimbal.o(.data)
    gc_y                                     0x200006b8   Data           4  task_gimbal.o(.data)
    js_pid_p                                 0x200006bc   Data           4  task_gimbal.o(.data)
    debug_y_ready                            0x200006c0   Data           4  task_gimbal.o(.data)
    debug_pix_y                              0x200006c4   Data           4  task_gimbal.o(.data)
    debug_p_ready                            0x200006c8   Data           4  task_gimbal.o(.data)
    debug_pix_p                              0x200006cc   Data           4  task_gimbal.o(.data)
    pitch_sb_error                           0x200006d0   Data           4  task_gimbal.o(.data)
    AppInfoTask_Handler                      0x20000744   Data           4  info_update.o(.data)
    AppInfoTransmit_Handler                  0x20000748   Data           4  info_update.o(.data)
    AppInfoJudge_Handler                     0x2000074c   Data           4  info_update.o(.data)
    GameState                                0x20000754   Data           3  judge.o(.data)
    GameResult                               0x20000757   Data           1  judge.o(.data)
    GameRobotSurvivors                       0x20000758   Data           2  judge.o(.data)
    EventData                                0x2000075a   Data           4  judge.o(.data)
    SupplyProjectileAction                   0x2000075e   Data           3  judge.o(.data)
    SupplyProjectileBooking                  0x20000761   Data           2  judge.o(.data)
    BuffMusk                                 0x20000763   Data           1  judge.o(.data)
    AerialRobotEnergy                        0x20000764   Data           2  judge.o(.data)
    RobotHurt                                0x20000766   Data           1  judge.o(.data)
    ShootData                                0x20000767   Data           6  judge.o(.data)
    FrameHeader                              0x2000076d   Data           5  judge.o(.data)
    Judge_Data_TF                            0x20000772   Data           1  judge.o(.data)
    Judge_Self_ID                            0x20000773   Data           1  judge.o(.data)
    Judge_SelfClient_ID                      0x20000774   Data           2  judge.o(.data)
    ShootNum                                 0x20000776   Data           2  judge.o(.data)
    Hurt_Data_Update                         0x20000778   Data           1  judge.o(.data)
    Send_Color                               0x20000779   Data           1  judge.o(.data)
    First_Time_Send_Commu                    0x2000077a   Data           1  judge.o(.data)
    send_time                                0x2000077c   Data           2  judge.o(.data)
    Color                                    0x2000077e   Data           1  judge.o(.data)
    shoot_time                               0x20000780   Data           4  judge.o(.data)
    shoot_ping                               0x20000784   Data           4  judge.o(.data)
    Shoot_Speed_Now                          0x20000788   Data           4  judge.o(.data)
    Shoot_Speed_Last                         0x2000078c   Data           4  judge.o(.data)
    SB_K_comps                               0x200007a4   Data           4  vision.o(.data)
    Vision_Comps_Yaw                         0x200007a8   Data           4  vision.o(.data)
    Vision_Comps_Pitch                       0x200007ac   Data           4  vision.o(.data)
    Vision_Comps_Pitch_Dist                  0x200007b0   Data           4  vision.o(.data)
    actVison                                 0x200007b4   Data           1  vision.o(.data)
    VisionSendHeader                         0x200007b5   Data           3  vision.o(.data)
    Attack_Color_Choose                      0x200007b8   Data           1  vision.o(.data)
    Vision_Comps_Yaw_Send                    0x200007bc   Data           4  vision.o(.data)
    Vision_Comps_Pitch_Send                  0x200007c0   Data           4  vision.o(.data)
    Vision_Get_New_Data                      0x200007c4   Data           1  vision.o(.data)
    Vision_Armor                             0x200007c5   Data           1  vision.o(.data)
    Vision_Time_Test                         0x200007c8   Data           8  vision.o(.data)
    Vision_Ping                              0x200007d0   Data           2  vision.o(.data)
    Buff_Color                               0x200007d2   Data           1  vision.o(.data)
    Buff_Type                                0x200007d3   Data           1  vision.o(.data)
    kvision_mouse_pitch                      0x200007d4   Data           4  vision.o(.data)
    mouse_pitch_comps                        0x200007d8   Data           4  vision.o(.data)
    vision_pitch_dist                        0x200007dc   Data           4  vision.o(.data)
    vision_pitch_dist_far                    0x200007e0   Data           4  vision.o(.data)
    vc_distdebug_y                           0x200007e4   Data           4  vision.o(.data)
    vc_distdebug_p                           0x200007e8   Data           4  vision.o(.data)
    CAN1_Queue                               0x200007ec   Data           4  timer_send_task.o(.data)
    CAN2_Queue                               0x200007f0   Data           4  timer_send_task.o(.data)
    CAN1_Timer_Handle                        0x200007f4   Data           4  timer_send_task.o(.data)
    CAN2_Timer_Handle                        0x200007f8   Data           4  timer_send_task.o(.data)
    __stdout                                 0x200007fc   Data           4  usart.o(.data)
    sysTickUptime                            0x20000804   Data           4  delay.o(.data)
    SystemCoreClock                          0x20000808   Data           4  system_stm32f4xx.o(.data)
    AHBPrescTable                            0x2000080c   Data          16  system_stm32f4xx.o(.data)
    pxCurrentTCB                             0x20000864   Data           4  tasks.o(.data)
    RC_Ctl                                   0x200008d8   Data          20  remote.o(.bss)
    Power                                    0x200008ec   Data          32  super_cap.o(.bss)
    Com4_Vision_Buffer                       0x20000948   Data         100  usart4.o(.bss)
    xCom4DMAInit                             0x200009ac   Data          60  usart4.o(.bss)
    Judge_Buffer                             0x200009e8   Data         200  usart5.o(.bss)
    xCom5DMAInit                             0x20000ab0   Data          60  usart5.o(.bss)
    Chassis_Speed_Target                     0x20000aec   Data          16  task_chassis.o(.bss)
    Chassis_Speed_Error                      0x20000afc   Data          16  task_chassis.o(.bss)
    Chassis_Speed_Error_Sum                  0x20000b0c   Data          16  task_chassis.o(.bss)
    Chassis_Speed_Error_NOW                  0x20000b1c   Data          16  task_chassis.o(.bss)
    Chassis_Speed_Error_LAST                 0x20000b2c   Data          16  task_chassis.o(.bss)
    Chassis_Speed_kpid                       0x20000b3c   Data          48  task_chassis.o(.bss)
    pTermChassis                             0x20000b6c   Data          16  task_chassis.o(.bss)
    iTermChassis                             0x20000b7c   Data          16  task_chassis.o(.bss)
    dTermChassis                             0x20000b8c   Data          16  task_chassis.o(.bss)
    pidTermChassis                           0x20000b9c   Data          16  task_chassis.o(.bss)
    Chassis_Final_Output                     0x20000bac   Data          16  task_chassis.o(.bss)
    Chassis_Error_Kalman                     0x20000bbc   Data          48  task_chassis.o(.bss)
    Revolver_Speed_kpid                      0x20000bec   Data          12  task_revolver.o(.bss)
    Revolver_Angle_kpid                      0x20000bf8   Data          24  task_revolver.o(.bss)
    Yaw_Gyro_Angle                           0x20000c10   Data          12  task_gimbal.o(.bss)
    Cloud_Angle_Error                        0x20000c1c   Data          16  task_gimbal.o(.bss)
    Cloud_Palstance_Error                    0x20000c2c   Data          16  task_gimbal.o(.bss)
    Cloud_Palstance_Error_Sum                0x20000c3c   Data          16  task_gimbal.o(.bss)
    Cloud_Angle_Target                       0x20000c4c   Data          16  task_gimbal.o(.bss)
    Cloud_Angle_Measure                      0x20000c5c   Data          16  task_gimbal.o(.bss)
    Cloud_Palstance_Measure                  0x20000c6c   Data          16  task_gimbal.o(.bss)
    Cloud_Angle_kpid                         0x20000c7c   Data          48  task_gimbal.o(.bss)
    Cloud_Palstance_kpid                     0x20000cac   Data          48  task_gimbal.o(.bss)
    pTermYaw                                 0x20000cdc   Data          16  task_gimbal.o(.bss)
    iTermYaw                                 0x20000cec   Data          16  task_gimbal.o(.bss)
    pidTermYaw                               0x20000cfc   Data          16  task_gimbal.o(.bss)
    Gimbal_Pitch_Mech_Error_Kalman           0x20000d0c   Data          48  task_gimbal.o(.bss)
    Gimbal_Pitch_Gyro_Error_Kalman           0x20000d3c   Data          48  task_gimbal.o(.bss)
    Gimbal_Yaw_Mech_Error_Kalman             0x20000d6c   Data          48  task_gimbal.o(.bss)
    Gimbal_Yaw_Gyro_Error_Kalman             0x20000d9c   Data          48  task_gimbal.o(.bss)
    Vision_Distance_Kalman                   0x20000dcc   Data          48  task_gimbal.o(.bss)
    Gimbal_Buff_Yaw_Error_Kalman             0x20000dfc   Data          48  task_gimbal.o(.bss)
    Gimbal_Buff_Pitch_Error_Kalman           0x20000e2c   Data          48  task_gimbal.o(.bss)
    Gimbal_Buff_Yaw_Error_Gim_Kalman         0x20000e5c   Data          48  task_gimbal.o(.bss)
    Gimbal_Buff_Pitch_Error_Gim_Kalman       0x20000e8c   Data          48  task_gimbal.o(.bss)
    Vision_Yaw_speed_Struct                  0x20000ebc   Data          28  task_gimbal.o(.bss)
    Vision_Pitch_speed_Struct                0x20000ed8   Data          28  task_gimbal.o(.bss)
    yaw_kalman_filter                        0x20000ef4   Data         108  task_gimbal.o(.bss)
    pitch_kalman_filter                      0x20000f60   Data         108  task_gimbal.o(.bss)
    GameRobotStat                            0x20000fcc   Data          15  judge.o(.bss)
    PowerHeatData                            0x20000fdb   Data          14  judge.o(.bss)
    GameRobotPos                             0x20000fe9   Data          16  judge.o(.bss)
    ShowData                                 0x20000ff9   Data          28  judge.o(.bss)
    CommuData                                0x20001015   Data          25  judge.o(.bss)
    CliendTxBuffer                           0x2000102e   Data         200  judge.o(.bss)
    TeammateTxBuffer                         0x200010f6   Data         200  judge.o(.bss)
    VisionRecvData                           0x200011c0   Data          22  vision.o(.bss)
    VisionSendData                           0x200011d8   Data          20  vision.o(.bss)
    vision_send_pack                         0x200011ec   Data          50  vision.o(.bss)
    xQueueRegistry                           0x20001230   Data          64  queue.o(.bss)
    __libspace_start                         0x20013f60   Data          96  libspace.o(.bss)
    __temporary_stack_top$libspace           0x20013fc0   Data           0  libspace.o(.bss)



==============================================================================

Memory Map of the image

  Image Entry point : 0x08000189

  Load Region LR_IROM1 (Base: 0x08000000, Size: 0x00018830, Max: 0x00080000, ABSOLUTE, COMPRESSED[0x000180a0])

    Execution Region ER_IROM1 (Base: 0x08000000, Size: 0x00017f58, Max: 0x00080000, ABSOLUTE)

    Base Addr    Size         Type   Attr      Idx    E Section Name        Object

    0x08000000   0x00000188   Data   RO         1163    RESET               startup_stm32f40xx.o
    0x08000188   0x00000008   Code   RO         2121  * !!!main             c_w.l(__main.o)
    0x08000190   0x00000034   Code   RO         2478    !!!scatter          c_w.l(__scatter.o)
    0x080001c4   0x0000005a   Code   RO         2476    !!dczerorl2         c_w.l(__dczerorl2.o)
    0x0800021e   0x00000002   PAD
    0x08000220   0x0000001c   Code   RO         2480    !!handler_zi        c_w.l(__scatter_zi.o)
    0x0800023c   0x00000000   Code   RO         2108    .ARM.Collect$$_printf_percent$$00000000  c_w.l(_printf_percent.o)
    0x0800023c   0x00000006   Code   RO         2107    .ARM.Collect$$_printf_percent$$00000009  c_w.l(_printf_d.o)
    0x08000242   0x00000006   Code   RO         2106    .ARM.Collect$$_printf_percent$$0000000C  c_w.l(_printf_x.o)
    0x08000248   0x00000004   Code   RO         2234    .ARM.Collect$$_printf_percent$$00000017  c_w.l(_printf_percent_end.o)
    0x0800024c   0x00000002   Code   RO         2349    .ARM.Collect$$libinit$$00000000  c_w.l(libinit.o)
    0x0800024e   0x00000004   Code   RO         2356    .ARM.Collect$$libinit$$00000001  c_w.l(libinit2.o)
    0x08000252   0x00000000   Code   RO         2359    .ARM.Collect$$libinit$$00000004  c_w.l(libinit2.o)
    0x08000252   0x00000000   Code   RO         2362    .ARM.Collect$$libinit$$0000000A  c_w.l(libinit2.o)
    0x08000252   0x00000000   Code   RO         2364    .ARM.Collect$$libinit$$0000000C  c_w.l(libinit2.o)
    0x08000252   0x00000000   Code   RO         2366    .ARM.Collect$$libinit$$0000000E  c_w.l(libinit2.o)
    0x08000252   0x00000000   Code   RO         2369    .ARM.Collect$$libinit$$00000011  c_w.l(libinit2.o)
    0x08000252   0x00000000   Code   RO         2371    .ARM.Collect$$libinit$$00000013  c_w.l(libinit2.o)
    0x08000252   0x00000000   Code   RO         2373    .ARM.Collect$$libinit$$00000015  c_w.l(libinit2.o)
    0x08000252   0x00000000   Code   RO         2375    .ARM.Collect$$libinit$$00000017  c_w.l(libinit2.o)
    0x08000252   0x00000000   Code   RO         2377    .ARM.Collect$$libinit$$00000019  c_w.l(libinit2.o)
    0x08000252   0x00000000   Code   RO         2379    .ARM.Collect$$libinit$$0000001B  c_w.l(libinit2.o)
    0x08000252   0x00000000   Code   RO         2381    .ARM.Collect$$libinit$$0000001D  c_w.l(libinit2.o)
    0x08000252   0x00000000   Code   RO         2383    .ARM.Collect$$libinit$$0000001F  c_w.l(libinit2.o)
    0x08000252   0x00000000   Code   RO         2385    .ARM.Collect$$libinit$$00000021  c_w.l(libinit2.o)
    0x08000252   0x00000000   Code   RO         2387    .ARM.Collect$$libinit$$00000023  c_w.l(libinit2.o)
    0x08000252   0x00000000   Code   RO         2389    .ARM.Collect$$libinit$$00000025  c_w.l(libinit2.o)
    0x08000252   0x00000000   Code   RO         2393    .ARM.Collect$$libinit$$0000002C  c_w.l(libinit2.o)
    0x08000252   0x00000000   Code   RO         2395    .ARM.Collect$$libinit$$0000002E  c_w.l(libinit2.o)
    0x08000252   0x00000000   Code   RO         2397    .ARM.Collect$$libinit$$00000030  c_w.l(libinit2.o)
    0x08000252   0x00000000   Code   RO         2399    .ARM.Collect$$libinit$$00000032  c_w.l(libinit2.o)
    0x08000252   0x00000002   Code   RO         2400    .ARM.Collect$$libinit$$00000033  c_w.l(libinit2.o)
    0x08000254   0x00000002   Code   RO         2428    .ARM.Collect$$libshutdown$$00000000  c_w.l(libshutdown.o)
    0x08000256   0x00000000   Code   RO         2442    .ARM.Collect$$libshutdown$$00000002  c_w.l(libshutdown2.o)
    0x08000256   0x00000000   Code   RO         2444    .ARM.Collect$$libshutdown$$00000004  c_w.l(libshutdown2.o)
    0x08000256   0x00000000   Code   RO         2447    .ARM.Collect$$libshutdown$$00000007  c_w.l(libshutdown2.o)
    0x08000256   0x00000000   Code   RO         2450    .ARM.Collect$$libshutdown$$0000000A  c_w.l(libshutdown2.o)
    0x08000256   0x00000000   Code   RO         2452    .ARM.Collect$$libshutdown$$0000000C  c_w.l(libshutdown2.o)
    0x08000256   0x00000000   Code   RO         2455    .ARM.Collect$$libshutdown$$0000000F  c_w.l(libshutdown2.o)
    0x08000256   0x00000002   Code   RO         2456    .ARM.Collect$$libshutdown$$00000010  c_w.l(libshutdown2.o)
    0x08000258   0x00000000   Code   RO         2225    .ARM.Collect$$rtentry$$00000000  c_w.l(__rtentry.o)
    0x08000258   0x00000000   Code   RO         2300    .ARM.Collect$$rtentry$$00000002  c_w.l(__rtentry2.o)
    0x08000258   0x00000006   Code   RO         2312    .ARM.Collect$$rtentry$$00000004  c_w.l(__rtentry4.o)
    0x0800025e   0x00000000   Code   RO         2302    .ARM.Collect$$rtentry$$00000009  c_w.l(__rtentry2.o)
    0x0800025e   0x00000004   Code   RO         2303    .ARM.Collect$$rtentry$$0000000A  c_w.l(__rtentry2.o)
    0x08000262   0x00000000   Code   RO         2305    .ARM.Collect$$rtentry$$0000000C  c_w.l(__rtentry2.o)
    0x08000262   0x00000008   Code   RO         2306    .ARM.Collect$$rtentry$$0000000D  c_w.l(__rtentry2.o)
    0x0800026a   0x00000002   Code   RO         2350    .ARM.Collect$$rtexit$$00000000  c_w.l(rtexit.o)
    0x0800026c   0x00000000   Code   RO         2402    .ARM.Collect$$rtexit$$00000002  c_w.l(rtexit2.o)
    0x0800026c   0x00000004   Code   RO         2403    .ARM.Collect$$rtexit$$00000003  c_w.l(rtexit2.o)
    0x08000270   0x00000006   Code   RO         2404    .ARM.Collect$$rtexit$$00000004  c_w.l(rtexit2.o)
    0x08000276   0x00000002   PAD
    0x08000278   0x000000b6   Code   RO         2019    .emb_text           port.o
    0x0800032e   0x00000018   Code   RO            4    .text               main.o
    0x08000346   0x00000002   PAD
    0x08000348   0x00000224   Code   RO          164    .text               system.o
    0x0800056c   0x000001ec   Code   RO          248    .text               remote.o
    0x08000758   0x00000014   Code   RO          282    .text               stm32f4xx_it.o
    0x0800076c   0x00000098   Code   RO          309    .text               control.o
    0x08000804   0x000000c4   Code   RO          345    .text               kalman.o
    0x080008c8   0x00000258   Code   RO          363    .text               kalman_filter.o
    0x08000b20   0x00000118   Code   RO          400    .text               crc.o
    0x08000c38   0x000002e8   Code   RO          431    .text               magazine.o
    0x08000f20   0x00000514   Code   RO          461    .text               friction.o
    0x08001434   0x00000554   Code   RO          492    .text               super_cap.o
    0x08001988   0x00000200   Code   RO          521    .text               can2.o
    0x08001b88   0x0000052c   Code   RO          546    .text               can1.o
    0x080020b4   0x00000204   Code   RO          571    .text               usart2.o
    0x080022b8   0x000001b4   Code   RO          599    .text               pwm.o
    0x0800246c   0x00000058   Code   RO          623    .text               led.o
    0x080024c4   0x00000040   Code   RO          647    .text               laser.o
    0x08002504   0x000001c8   Code   RO          671    .text               usart4.o
    0x080026cc   0x000001c4   Code   RO          702    .text               usart5.o
    0x08002890   0x0000025c   Code   RO          733    .text               adda.o
    0x08002aec   0x0000002c   Code   RO          763    .text               iwdg.o
    0x08002b18   0x00000230   Code   RO          790    .text               task_start.o
    0x08002d48   0x0000215c   Code   RO          817    .text               task_chassis.o
    0x08004ea4   0x00001208   Code   RO          846    .text               task_revolver.o
    0x080060ac   0x00003670   Code   RO          874    .text               task_gimbal.o
    0x0800971c   0x000000bc   Code   RO          902    .text               info_update.o
    0x080097d8   0x00000028   Code   RO          935    .text               info_transmitter.o
    0x08009800   0x0000061c   Code   RO          959    .text               judge.o
    0x08009e1c   0x00000790   Code   RO          987    .text               vision.o
    0x0800a5ac   0x0000010c   Code   RO         1018    .text               timer_send_task.o
    0x0800a6b8   0x00000024   Code   RO         1045    .text               usart.o
    0x0800a6dc   0x000000f8   Code   RO         1101    .text               delay.o
    0x0800a7d4   0x00000210   Code   RO         1134    .text               system_stm32f4xx.o
    0x0800a9e4   0x00000040   Code   RO         1164    .text               startup_stm32f40xx.o
    0x0800aa24   0x00000258   Code   RO         1171    .text               myiic.o
    0x0800ac7c   0x00000384   Code   RO         1195    .text               mpu6050.o
    0x0800b000   0x000022cc   Code   RO         1219    .text               inv_mpu.o
    0x0800d2cc   0x00000d90   Code   RO         1262    .text               inv_mpu_dmp_motion_driver.o
    0x0800e05c   0x000000e0   Code   RO         1322    .text               misc.o
    0x0800e13c   0x00000294   Code   RO         1346    .text               stm32f4xx_gpio.o
    0x0800e3d0   0x00000634   Code   RO         1370    .text               stm32f4xx_rcc.o
    0x0800ea04   0x00000ca2   Code   RO         1396    .text               stm32f4xx_tim.o
    0x0800f6a6   0x00000002   PAD
    0x0800f6a8   0x00000454   Code   RO         1420    .text               stm32f4xx_usart.o
    0x0800fafc   0x000009f0   Code   RO         1444    .text               stm32f4xx_can.o
    0x080104ec   0x000003a8   Code   RO         1468    .text               stm32f4xx_dma.o
    0x08010894   0x00000464   Code   RO         1564    .text               stm32f4xx_adc.o
    0x08010cf8   0x00000210   Code   RO         1612    .text               stm32f4xx_dac.o
    0x08010f08   0x00000040   Code   RO         1636    .text               stm32f4xx_iwdg.o
    0x08010f48   0x000000c0   Code   RO         1660    .text               arm_mat_add_f32.o
    0x08011008   0x00000008   Code   RO         1714    .text               arm_mat_init_f32.o
    0x08011010   0x00000310   Code   RO         1738    .text               arm_mat_inverse_f32.o
    0x08011320   0x00000144   Code   RO         1786    .text               arm_mat_mult_f32.o
    0x08011464   0x000000c0   Code   RO         1834    .text               arm_mat_sub_f32.o
    0x08011524   0x00000098   Code   RO         1858    .text               arm_mat_trans_f32.o
    0x080115bc   0x00000094   Code   RO         1928    .text               list.o
    0x08011650   0x00000c30   Code   RO         1940    .text               queue.o
    0x08012280   0x000017c4   Code   RO         1958    .text               tasks.o
    0x08013a44   0x000005e0   Code   RO         1977    .text               timers.o
    0x08014024   0x0000029c   Code   RO         2004    .text               heap_4.o
    0x080142c0   0x0000030c   Code   RO         2020    .text               port.o
    0x080145cc   0x00000002   Code   RO         2051    .text               c_w.l(use_no_semi_2.o)
    0x080145ce   0x00000048   Code   RO         2053    .text               c_w.l(llsdiv.o)
    0x08014616   0x00000002   PAD
    0x08014618   0x00000018   Code   RO         2057    .text               c_w.l(noretval__2printf.o)
    0x08014630   0x0000004e   Code   RO         2061    .text               c_w.l(_printf_pad.o)
    0x0801467e   0x00000002   PAD
    0x08014680   0x00000078   Code   RO         2063    .text               c_w.l(_printf_dec.o)
    0x080146f8   0x00000058   Code   RO         2068    .text               c_w.l(_printf_hex_int.o)
    0x08014750   0x00000138   Code   RO         2098    .text               c_w.l(__printf_flags_wp.o)
    0x08014888   0x00000058   Code   RO         2109    .text               c_w.l(memcmp.o)
    0x080148e0   0x0000008a   Code   RO         2111    .text               c_w.l(rt_memcpy_v6.o)
    0x0801496a   0x00000010   Code   RO         2113    .text               c_w.l(aeabi_memset.o)
    0x0801497a   0x00000044   Code   RO         2115    .text               c_w.l(rt_memclr.o)
    0x080149be   0x0000004e   Code   RO         2117    .text               c_w.l(rt_memclr_w.o)
    0x08014a0c   0x00000006   Code   RO         2119    .text               c_w.l(heapauxi.o)
    0x08014a12   0x00000002   Code   RO         2223    .text               c_w.l(use_no_semi.o)
    0x08014a14   0x000000ee   Code   RO         2226    .text               c_w.l(lludivv7m.o)
    0x08014b02   0x00000016   Code   RO         2228    .text               c_w.l(_rserrno.o)
    0x08014b18   0x000000b2   Code   RO         2230    .text               c_w.l(_printf_intcommon.o)
    0x08014bca   0x00000002   PAD
    0x08014bcc   0x00000024   Code   RO         2232    .text               c_w.l(_printf_char_file.o)
    0x08014bf0   0x00000064   Code   RO         2235    .text               c_w.l(rt_memcpy_w.o)
    0x08014c54   0x00000008   Code   RO         2321    .text               c_w.l(rt_errno_addr_intlibspace.o)
    0x08014c5c   0x00000030   Code   RO         2323    .text               c_w.l(_printf_char_common.o)
    0x08014c8c   0x00000008   Code   RO         2325    .text               c_w.l(ferror.o)
    0x08014c94   0x00000008   Code   RO         2333    .text               c_w.l(libspace.o)
    0x08014c9c   0x0000004a   Code   RO         2336    .text               c_w.l(sys_stackheap_outer.o)
    0x08014ce6   0x00000012   Code   RO         2342    .text               c_w.l(exit.o)
    0x08014cf8   0x00000030   Code   RO         2283    i.__ARM_fpclassify  m_wm.l(fpclassify.o)
    0x08014d28   0x00000360   Code   RO         2155    i.__hardfp_asin     m_wm.l(asin.o)
    0x08015088   0x000002d8   Code   RO         2252    i.__hardfp_atan     m_wm.l(atan.o)
    0x08015360   0x000001f0   Code   RO         2169    i.__hardfp_atan2    m_wm.l(atan2.o)
    0x08015550   0x000000c8   Code   RO         2181    i.__hardfp_cos      m_wm.l(cos.o)
    0x08015618   0x00000014   Code   RO         2193    i.__hardfp_fabs     m_wm.l(fabs.o)
    0x0801562c   0x00000004   PAD
    0x08015630   0x000000c8   Code   RO         2199    i.__hardfp_sin      m_wm.l(sin.o)
    0x080156f8   0x0000007a   Code   RO         2211    i.__hardfp_sqrt     m_wm.l(sqrt.o)
    0x08015772   0x00000006   PAD
    0x08015778   0x00000438   Code   RO         2288    i.__ieee754_rem_pio2  m_wm.l(rred.o)
    0x08015bb0   0x00000170   Code   RO         2266    i.__kernel_cos      m_wm.l(cos_i.o)
    0x08015d20   0x000000f8   Code   RO         2285    i.__kernel_poly     m_wm.l(poly.o)
    0x08015e18   0x00000130   Code   RO         2293    i.__kernel_sin      m_wm.l(sin_i.o)
    0x08015f48   0x00000014   Code   RO         2270    i.__mathlib_dbl_infnan  m_wm.l(dunder.o)
    0x08015f5c   0x00000014   Code   RO         2271    i.__mathlib_dbl_infnan2  m_wm.l(dunder.o)
    0x08015f70   0x00000020   Code   RO         2272    i.__mathlib_dbl_invalid  m_wm.l(dunder.o)
    0x08015f90   0x00000020   Code   RO         2275    i.__mathlib_dbl_underflow  m_wm.l(dunder.o)
    0x08015fb0   0x0000000e   Code   RO         2096    i._is_digit         c_w.l(__printf_wp.o)
    0x08015fbe   0x00000010   Code   RO         2254    i.atan              m_wm.l(atan.o)
    0x08015fce   0x00000018   Code   RO         2195    i.fabs              m_wm.l(fabs.o)
    0x08015fe6   0x0000006e   Code   RO         2213    i.sqrt              m_wm.l(sqrt.o)
    0x08016054   0x00000018   Code   RO         2237    x$fpl$basic         fz_wm.l(basic.o)
    0x0801606c   0x00000062   Code   RO         2123    x$fpl$d2f           fz_wm.l(d2f.o)
    0x080160ce   0x00000002   PAD
    0x080160d0   0x00000150   Code   RO         2125    x$fpl$dadd          fz_wm.l(daddsub_clz.o)
    0x08016220   0x00000018   Code   RO         2239    x$fpl$dcmpinf       fz_wm.l(dcmpi.o)
    0x08016238   0x000002b0   Code   RO         2132    x$fpl$ddiv          fz_wm.l(ddiv.o)
    0x080164e8   0x0000005e   Code   RO         2329    x$fpl$dfix          fz_wm.l(dfix.o)
    0x08016546   0x00000002   PAD
    0x08016548   0x0000005a   Code   RO         2137    x$fpl$dfixu         fz_wm.l(dfixu.o)
    0x080165a2   0x0000002e   Code   RO         2142    x$fpl$dflt          fz_wm.l(dflt_clz.o)
    0x080165d0   0x00000026   Code   RO         2141    x$fpl$dfltu         fz_wm.l(dflt_clz.o)
    0x080165f6   0x00000002   PAD
    0x080165f8   0x00000078   Code   RO         2147    x$fpl$dleqf         fz_wm.l(dleqf.o)
    0x08016670   0x00000154   Code   RO         2149    x$fpl$dmul          fz_wm.l(dmul.o)
    0x080167c4   0x0000009c   Code   RO         2241    x$fpl$dnaninf       fz_wm.l(dnaninf.o)
    0x08016860   0x0000000c   Code   RO         2243    x$fpl$dretinf       fz_wm.l(dretinf.o)
    0x0801686c   0x0000006c   Code   RO         2151    x$fpl$drleqf        fz_wm.l(drleqf.o)
    0x080168d8   0x00000016   Code   RO         2126    x$fpl$drsb          fz_wm.l(daddsub_clz.o)
    0x080168ee   0x00000002   PAD
    0x080168f0   0x00000198   Code   RO         2245    x$fpl$dsqrt         fz_wm.l(dsqrt_umaal.o)
    0x08016a88   0x000001d4   Code   RO         2127    x$fpl$dsub          fz_wm.l(daddsub_clz.o)
    0x08016c5c   0x00000056   Code   RO         2153    x$fpl$f2d           fz_wm.l(f2d.o)
    0x08016cb2   0x0000008c   Code   RO         2247    x$fpl$fnaninf       fz_wm.l(fnaninf.o)
    0x08016d3e   0x0000000a   Code   RO         2416    x$fpl$fpinit        fz_wm.l(fpinit.o)
    0x08016d48   0x0000000a   Code   RO         2249    x$fpl$fretinf       fz_wm.l(fretinf.o)
    0x08016d52   0x00000000   Code   RO         2251    x$fpl$usenofp       fz_wm.l(usenofp.o)
    0x08016d52   0x00000302   Data   RO          401    .constdata          crc.o
    0x08017054   0x00000050   Data   RO         1220    .constdata          inv_mpu.o
    0x080170a4   0x00000bf6   Data   RO         1264    .constdata          inv_mpu_dmp_motion_driver.o
    0x08017c9a   0x00000028   Data   RO         2069    .constdata          c_w.l(_printf_hex_int.o)
    0x08017cc2   0x00000011   Data   RO         2099    .constdata          c_w.l(__printf_flags_wp.o)
    0x08017cd3   0x00000005   PAD
    0x08017cd8   0x00000050   Data   RO         2158    .constdata          m_wm.l(asin.o)
    0x08017d28   0x00000098   Data   RO         2255    .constdata          m_wm.l(atan.o)
    0x08017dc0   0x00000030   Data   RO         2267    .constdata          m_wm.l(cos_i.o)
    0x08017df0   0x00000008   Data   RO         2287    .constdata          m_wm.l(qnan.o)
    0x08017df8   0x000000c8   Data   RO         2290    .constdata          m_wm.l(rred.o)
    0x08017ec0   0x00000028   Data   RO         2294    .constdata          m_wm.l(sin_i.o)
    0x08017ee8   0x0000004d   Data   RO         1221    .conststring        inv_mpu.o
    0x08017f35   0x00000003   PAD
    0x08017f38   0x00000020   Data   RO         2474    Region$$Table       anon$$obj.o


    Execution Region RW_IRAM1 (Base: 0x20000000, Size: 0x000145c0, Max: 0x00020000, ABSOLUTE, COMPRESSED[0x00000148])

    Base Addr    Size         Type   Attr      Idx    E Section Name        Object

    0x20000000   0x0000000e   Data   RW          165    .data               system.o
    0x2000000e   0x00000002   PAD
    0x20000010   0x00000004   Data   RW          250    .data               remote.o
    0x20000014   0x00000008   Data   RW          310    .data               control.o
    0x2000001c   0x00000008   Data   RW          364    .data               kalman_filter.o
    0x20000024   0x00000002   Data   RW          402    .data               crc.o
    0x20000026   0x00000002   PAD
    0x20000028   0x00000018   Data   RW          432    .data               magazine.o
    0x20000040   0x00000050   Data   RW          462    .data               friction.o
    0x20000090   0x00000044   Data   RW          494    .data               super_cap.o
    0x200000d4   0x00000008   Data   RW          573    .data               usart2.o
    0x200000dc   0x00000004   Data   RW          673    .data               usart4.o
    0x200000e0   0x00000004   Data   RW          704    .data               usart5.o
    0x200000e4   0x00000004   Data   RW          734    .data               adda.o
    0x200000e8   0x00000024   Data   RW          791    .data               task_start.o
    0x2000010c   0x00000100   Data   RW          819    .data               task_chassis.o
    0x2000020c   0x0000010b   Data   RW          848    .data               task_revolver.o
    0x20000317   0x00000001   PAD
    0x20000318   0x0000042c   Data   RW          876    .data               task_gimbal.o
    0x20000744   0x00000010   Data   RW          903    .data               info_update.o
    0x20000754   0x0000004d   Data   RW          961    .data               judge.o
    0x200007a1   0x00000003   PAD
    0x200007a4   0x00000048   Data   RW          989    .data               vision.o
    0x200007ec   0x00000010   Data   RW         1019    .data               timer_send_task.o
    0x200007fc   0x00000004   Data   RW         1046    .data               usart.o
    0x20000800   0x00000008   Data   RW         1102    .data               delay.o
    0x20000808   0x00000014   Data   RW         1135    .data               system_stm32f4xx.o
    0x2000081c   0x00000035   Data   RW         1222    .data               inv_mpu.o
    0x20000851   0x00000010   Data   RW         1371    .data               stm32f4xx_rcc.o
    0x20000861   0x00000003   PAD
    0x20000864   0x0000003c   Data   RW         1960    .data               tasks.o
    0x200008a0   0x00000014   Data   RW         1979    .data               timers.o
    0x200008b4   0x00000018   Data   RW         2006    .data               heap_4.o
    0x200008cc   0x0000000c   Data   RW         2021    .data               port.o
    0x200008d8   0x00000014   Zero   RW          249    .bss                remote.o
    0x200008ec   0x00000020   Zero   RW          493    .bss                super_cap.o
    0x2000090c   0x0000003c   Zero   RW          572    .bss                usart2.o
    0x20000948   0x000000a0   Zero   RW          672    .bss                usart4.o
    0x200009e8   0x00000104   Zero   RW          703    .bss                usart5.o
    0x20000aec   0x00000100   Zero   RW          818    .bss                task_chassis.o
    0x20000bec   0x00000024   Zero   RW          847    .bss                task_revolver.o
    0x20000c10   0x000003bc   Zero   RW          875    .bss                task_gimbal.o
    0x20000fcc   0x000001f2   Zero   RW          960    .bss                judge.o
    0x200011be   0x00000002   PAD
    0x200011c0   0x0000005e   Zero   RW          988    .bss                vision.o
    0x2000121e   0x00000002   PAD
    0x20001220   0x00000010   Zero   RW         1263    .bss                inv_mpu_dmp_motion_driver.o
    0x20001230   0x00000040   Zero   RW         1941    .bss                queue.o
    0x20001270   0x000000c8   Zero   RW         1959    .bss                tasks.o
    0x20001338   0x00000028   Zero   RW         1978    .bss                timers.o
    0x20001360   0x00012c00   Zero   RW         2005    .bss                heap_4.o
    0x20013f60   0x00000060   Zero   RW         2334    .bss                c_w.l(libspace.o)
    0x20013fc0   0x00000200   Zero   RW         1162    HEAP                startup_stm32f40xx.o
    0x200141c0   0x00000400   Zero   RW         1161    STACK               startup_stm32f40xx.o

